solar-mini4 / klue_ner: 1000 to run (0 logged)
  klue-ner-v1_dev_04337-nsmc   parsed
  klue-ner-v1_dev_00748-nsmc   parsed
  klue-ner-v1_dev_01288-nsmc   parsed
  klue-ner-v1_dev_03162-nsmc   parsed
  klue-ner-v1_dev_02283-wikitr no_answer_unparsed
  klue-ner-v1_dev_02950-wikitr parsed
  klue-ner-v1_dev_03691-nsmc   parsed
  klue-ner-v1_dev_04884-nsmc   parsed
  klue-ner-v1_dev_03876-wikitr parsed
  klue-ner-v1_dev_02758-wikitr parsed
  klue-ner-v1_dev_04722-nsmc   parsed
  klue-ner-v1_dev_04539-wikitr parsed
  klue-ner-v1_dev_00345-nsmc   parsed
  klue-ner-v1_dev_00330-nsmc   parsed
  klue-ner-v1_dev_01290-wikitr parsed
  klue-ner-v1_dev_00753-wikitr parsed
  klue-ner-v1_dev_03165-wikitr parsed
  klue-ner-v1_dev_03692-nsmc   parsed
  klue-ner-v1_dev_04059-nsmc   parsed
  klue-ner-v1_dev_02760-nsmc   parsed
  klue-ner-v1_dev_03654-wikitr parsed
  klue-ner-v1_dev_02954-nsmc   parsed
  klue-ner-v1_dev_04801-wikitr parsed
  klue-ner-v1_dev_01293-nsmc   parsed
  klue-ner-v1_dev_01130-wikitr parsed
  klue-ner-v1_dev_01132-wikitr no_answer_unparsed
  klue-ner-v1_dev_02762-wikitr parsed
  klue-ner-v1_dev_02289-wikitr no_answer_unparsed
  klue-ner-v1_dev_01134-wikitr no_answer_unparsed
  klue-ner-v1_dev_03167-wikitr parsed
  klue-ner-v1_dev_04046-wikitr parsed
  klue-ner-v1_dev_04001-wikitr parsed
  klue-ner-v1_dev_02956-nsmc   no_answer_unparsed
  klue-ner-v1_dev_00351-wikitr parsed
  klue-ner-v1_dev_00754-wikitr parsed
  klue-ner-v1_dev_04038-nsmc   parsed
  klue-ner-v1_dev_00759-nsmc   no_answer_unparsed
  klue-ner-v1_dev_01137-nsmc   parsed
  klue-ner-v1_dev_02294-nsmc   parsed
  klue-ner-v1_dev_02292-nsmc   parsed
  klue-ner-v1_dev_03170-nsmc   parsed
  klue-ner-v1_dev_04944-nsmc   parsed
  klue-ner-v1_dev_03694-wikitr no_answer_unparsed
  klue-ner-v1_dev_04276-nsmc   parsed
  klue-ner-v1_dev_03567-wikitr no_answer_unparsed
  klue-ner-v1_dev_04651-nsmc   parsed
  klue-ner-v1_dev_00365-wikitr parsed
  klue-ner-v1_dev_04053-nsmc   parsed
  klue-ner-v1_dev_04421-wikitr no_answer_unparsed
  klue-ner-v1_dev_01303-nsmc   no_answer_unparsed
  klue-ner-v1_dev_00760-nsmc   no_answer_unparsed
  klue-ner-v1_dev_02763-wikitr parsed
  klue-ner-v1_dev_01301-wikitr parsed
  klue-ner-v1_dev_03177-wikitr parsed
  klue-ner-v1_dev_03698-nsmc   parsed
  klue-ner-v1_dev_03704-wikitr no_answer_unparsed
  klue-ner-v1_dev_00357-wikitr no_answer_unparsed
  klue-ner-v1_dev_04054-nsmc   parsed
  klue-ner-v1_dev_04563-wikitr no_answer_unparsed
  klue-ner-v1_dev_00765-nsmc   parsed
  klue-ner-v1_dev_01142-wikitr no_answer_unparsed
  klue-ner-v1_dev_02959-wikitr parsed
  klue-ner-v1_dev_00367-nsmc   parsed
  klue-ner-v1_dev_01145-nsmc   parsed
  klue-ner-v1_dev_01310-nsmc   no_answer_unparsed
  klue-ner-v1_dev_02961-wikitr parsed
  klue-ner-v1_dev_02295-wikitr parsed
  klue-ner-v1_dev_02958-wikitr parsed
  klue-ner-v1_dev_03706-wikitr parsed
  klue-ner-v1_dev_03667-nsmc   parsed
  klue-ner-v1_dev_04897-nsmc   parsed
  klue-ner-v1_dev_04726-wikitr parsed
  klue-ner-v1_dev_04541-nsmc   parsed
  klue-ner-v1_dev_02769-wikitr parsed
  klue-ner-v1_dev_00768-nsmc   parsed
  klue-ner-v1_dev_02307-nsmc   parsed
  klue-ner-v1_dev_01148-wikitr parsed
  klue-ner-v1_dev_02306-wikitr parsed
  klue-ner-v1_dev_02773-nsmc   parsed
  klue-ner-v1_dev_02962-wikitr parsed
  klue-ner-v1_dev_03713-nsmc   parsed
  klue-ner-v1_dev_00368-wikitr parsed
  klue-ner-v1_dev_03178-nsmc   parsed
  klue-ner-v1_dev_03897-wikitr parsed
  klue-ner-v1_dev_02768-wikitr parsed
  klue-ner-v1_dev_01314-nsmc   no_answer_unparsed
  klue-ner-v1_dev_00771-nsmc   no_answer_unparsed
  klue-ner-v1_dev_01319-nsmc   parsed
  klue-ner-v1_dev_03183-nsmc   parsed
  klue-ner-v1_dev_02774-wikitr parsed
  klue-ner-v1_dev_03182-nsmc   parsed
  klue-ner-v1_dev_04950-nsmc   parsed
  klue-ner-v1_dev_01149-wikitr parsed
  klue-ner-v1_dev_04063-nsmc   parsed
  klue-ner-v1_dev_00777-wikitr parsed
  klue-ner-v1_dev_02310-wikitr parsed
  klue-ner-v1_dev_03715-nsmc   parsed
  klue-ner-v1_dev_00375-nsmc   parsed
  klue-ner-v1_dev_04005-nsmc   parsed
  klue-ner-v1_dev_02322-wikitr parsed
  klue-ner-v1_dev_02965-wikitr parsed
  klue-ner-v1_dev_02787-wikitr parsed
  klue-ner-v1_dev_04060-nsmc   no_answer_unparsed
  klue-ner-v1_dev_03720-nsmc   no_answer_unparsed
  klue-ner-v1_dev_04278-nsmc   no_answer_unparsed
  klue-ner-v1_dev_01150-wikitr parsed
  klue-ner-v1_dev_04652-nsmc   parsed
  klue-ner-v1_dev_01329-wikitr no_answer_unparsed
  klue-ner-v1_dev_00382-nsmc   parsed
  klue-ner-v1_dev_04434-wikitr parsed
  klue-ner-v1_dev_00372-wikitr parsed
  klue-ner-v1_dev_04064-nsmc   parsed
  klue-ner-v1_dev_02323-nsmc   no_answer_unparsed
  klue-ner-v1_dev_03185-wikitr parsed
  klue-ner-v1_dev_03580-wikitr parsed
  klue-ner-v1_dev_02790-wikitr parsed
  klue-ner-v1_dev_00780-nsmc   parsed
  klue-ner-v1_dev_01330-wikitr parsed
  klue-ner-v1_dev_03187-wikitr no_answer_unparsed
  klue-ner-v1_dev_02973-wikitr no_answer_unparsed
  klue-ner-v1_dev_01154-wikitr no_answer_unparsed
  klue-ner-v1_dev_00789-nsmc   parsed
  klue-ner-v1_dev_00385-wikitr parsed
  klue-ner-v1_dev_01331-nsmc   parsed
  klue-ner-v1_dev_02325-wikitr parsed
  klue-ner-v1_dev_02791-nsmc   parsed
  klue-ner-v1_dev_04065-wikitr parsed
  klue-ner-v1_dev_02976-wikitr parsed
  klue-ner-v1_dev_02967-wikitr no_answer_unparsed
  klue-ner-v1_dev_03189-wikitr parsed
  klue-ner-v1_dev_03671-wikitr parsed
  klue-ner-v1_dev_01155-wikitr no_answer_unparsed
  klue-ner-v1_dev_04546-wikitr parsed
  klue-ner-v1_dev_04730-wikitr parsed
  klue-ner-v1_dev_03722-wikitr parsed
  klue-ner-v1_dev_04900-nsmc   parsed
  klue-ner-v1_dev_01156-nsmc   parsed
  klue-ner-v1_dev_04347-nsmc   parsed
  klue-ner-v1_dev_00388-wikitr parsed
  klue-ner-v1_dev_03723-wikitr parsed
  klue-ner-v1_dev_00791-wikitr parsed
  klue-ner-v1_dev_02330-wikitr parsed
  klue-ner-v1_dev_02982-nsmc   parsed
  klue-ner-v1_dev_02793-wikitr parsed
  klue-ner-v1_dev_00792-nsmc   no_answer_unparsed
  klue-ner-v1_dev_01333-wikitr parsed
  klue-ner-v1_dev_03902-nsmc   no_answer_unparsed
  klue-ner-v1_dev_02335-nsmc   no_answer_unparsed
  klue-ner-v1_dev_01161-wikitr parsed
  klue-ner-v1_dev_04234-wikitr parsed
  klue-ner-v1_dev_01337-nsmc   parsed
  klue-ner-v1_dev_03192-wikitr parsed
  klue-ner-v1_dev_04078-nsmc   parsed
  klue-ner-v1_dev_03734-wikitr parsed
  klue-ner-v1_dev_00403-nsmc   parsed
  klue-ner-v1_dev_04008-nsmc   parsed
  klue-ner-v1_dev_00404-wikitr parsed
  klue-ner-v1_dev_03193-wikitr no_answer_unparsed
  klue-ner-v1_dev_01162-nsmc   parsed
  klue-ner-v1_dev_04953-nsmc   parsed
  klue-ner-v1_dev_04810-nsmc   parsed
  klue-ner-v1_dev_02349-nsmc   parsed
  klue-ner-v1_dev_00798-wikitr no_answer_unparsed
  klue-ner-v1_dev_02987-wikitr no_answer_unparsed
  klue-ner-v1_dev_03739-wikitr parsed
  klue-ner-v1_dev_03194-wikitr parsed
  klue-ner-v1_dev_04284-nsmc   parsed
  klue-ner-v1_dev_03740-wikitr parsed
  klue-ner-v1_dev_02993-wikitr parsed
  klue-ner-v1_dev_04091-nsmc   parsed
  klue-ner-v1_dev_04449-nsmc   parsed
  klue-ner-v1_dev_03581-nsmc   parsed
  klue-ner-v1_dev_01346-nsmc   parsed
  klue-ner-v1_dev_00408-nsmc   no_answer_unparsed
  klue-ner-v1_dev_04653-wikitr parsed
  klue-ner-v1_dev_04073-nsmc   parsed
  klue-ner-v1_dev_02999-nsmc   parsed
  klue-ner-v1_dev_02794-nsmc   parsed
  klue-ner-v1_dev_02808-wikitr parsed
  klue-ner-v1_dev_03741-nsmc   no_answer_unparsed
  klue-ner-v1_dev_02355-nsmc   parsed
  klue-ner-v1_dev_01177-wikitr parsed
  klue-ner-v1_dev_00411-wikitr parsed
  klue-ner-v1_dev_01358-nsmc   no_answer_unparsed
  klue-ner-v1_dev_03847-wikitr parsed
  klue-ner-v1_dev_00807-wikitr parsed
  klue-ner-v1_dev_04557-nsmc   parsed
  klue-ner-v1_dev_02357-wikitr parsed
  klue-ner-v1_dev_02820-nsmc   parsed
  klue-ner-v1_dev_01360-wikitr parsed
  klue-ner-v1_dev_03752-nsmc   parsed
  klue-ner-v1_dev_03210-wikitr parsed
  klue-ner-v1_dev_01178-wikitr no_answer_unparsed
  klue-ner-v1_dev_03674-wikitr parsed
  klue-ner-v1_dev_04908-nsmc   parsed
  klue-ner-v1_dev_04734-nsmc   parsed
  klue-ner-v1_dev_03206-wikitr parsed
  klue-ner-v1_dev_00422-nsmc   parsed
  klue-ner-v1_dev_00810-wikitr parsed
  klue-ner-v1_dev_02379-nsmc   parsed
  klue-ner-v1_dev_04349-wikitr no_answer_unparsed
  klue-ner-v1_dev_02826-nsmc   parsed
  klue-ner-v1_dev_01369-wikitr parsed
  klue-ner-v1_dev_00816-wikitr parsed
  klue-ner-v1_dev_03914-nsmc   no_answer_unparsed
  klue-ner-v1_dev_03003-nsmc   parsed
  klue-ner-v1_dev_02810-wikitr no_answer_unparsed
  klue-ner-v1_dev_00826-wikitr parsed
  klue-ner-v1_dev_04236-wikitr parsed
  klue-ner-v1_dev_01182-wikitr parsed
  klue-ner-v1_dev_00425-wikitr no_answer_unparsed
  klue-ner-v1_dev_02384-nsmc   parsed
  klue-ner-v1_dev_01370-nsmc   parsed
  klue-ner-v1_dev_01180-wikitr parsed
  klue-ner-v1_dev_03762-wikitr parsed
  klue-ner-v1_dev_03021-wikitr no_answer_unparsed
  klue-ner-v1_dev_03756-nsmc   parsed
  klue-ner-v1_dev_03011-wikitr parsed
  klue-ner-v1_dev_04955-wikitr parsed
  klue-ner-v1_dev_04813-wikitr no_answer_unparsed
  klue-ner-v1_dev_04018-nsmc   parsed
  klue-ner-v1_dev_04122-nsmc   parsed
  klue-ner-v1_dev_04470-nsmc   parsed
  klue-ner-v1_dev_01383-wikitr parsed
  klue-ner-v1_dev_03212-wikitr parsed
  klue-ner-v1_dev_01183-nsmc   parsed
  klue-ner-v1_dev_00827-nsmc   parsed
  klue-ner-v1_dev_02831-wikitr no_answer_unparsed
  klue-ner-v1_dev_03216-nsmc   parsed
  klue-ner-v1_dev_04123-nsmc   parsed
  klue-ner-v1_dev_03214-wikitr no_answer_unparsed
  klue-ner-v1_dev_04293-wikitr parsed
  klue-ner-v1_dev_04112-wikitr parsed
  klue-ner-v1_dev_04655-nsmc   parsed
  klue-ner-v1_dev_00427-wikitr parsed
  klue-ner-v1_dev_00831-nsmc   parsed
  klue-ner-v1_dev_01188-nsmc   parsed
  klue-ner-v1_dev_00428-wikitr parsed
  klue-ner-v1_dev_01387-nsmc   parsed
  klue-ner-v1_dev_02385-wikitr parsed
  klue-ner-v1_dev_03764-wikitr no_answer_unparsed
  klue-ner-v1_dev_02389-wikitr parsed
  klue-ner-v1_dev_03034-wikitr parsed
  klue-ner-v1_dev_02847-nsmc   parsed
  klue-ner-v1_dev_04450-wikitr no_answer_unparsed
  klue-ner-v1_dev_03850-nsmc   parsed
  klue-ner-v1_dev_03766-nsmc   parsed
  klue-ner-v1_dev_02851-wikitr parsed
  klue-ner-v1_dev_03594-wikitr parsed
  klue-ner-v1_dev_00835-wikitr parsed
  klue-ner-v1_dev_03219-nsmc   parsed
  klue-ner-v1_dev_02407-wikitr parsed
  klue-ner-v1_dev_01390-nsmc   parsed
  klue-ner-v1_dev_03223-nsmc   parsed
  klue-ner-v1_dev_03042-wikitr parsed
  klue-ner-v1_dev_01191-wikitr parsed
  klue-ner-v1_dev_02857-wikitr no_answer_unparsed
  klue-ner-v1_dev_04746-wikitr parsed
  klue-ner-v1_dev_04910-nsmc   no_answer_unparsed
  klue-ner-v1_dev_00838-nsmc   parsed
  klue-ner-v1_dev_04350-nsmc   parsed
  klue-ner-v1_dev_03041-wikitr parsed
  klue-ner-v1_dev_03770-wikitr parsed
  klue-ner-v1_dev_00434-wikitr parsed
  klue-ner-v1_dev_02863-wikitr parsed
  klue-ner-v1_dev_03227-nsmc   parsed
  klue-ner-v1_dev_02411-wikitr parsed
  klue-ner-v1_dev_01395-wikitr parsed
  klue-ner-v1_dev_03059-nsmc   parsed
  klue-ner-v1_dev_04137-nsmc   parsed
  klue-ner-v1_dev_03678-wikitr no_answer_unparsed
  klue-ner-v1_dev_04371-nsmc   parsed
  klue-ner-v1_dev_00842-nsmc   parsed
  klue-ner-v1_dev_01197-wikitr parsed
  klue-ner-v1_dev_01398-wikitr parsed
  klue-ner-v1_dev_02423-nsmc   parsed
  klue-ner-v1_dev_00433-wikitr parsed
  klue-ner-v1_dev_01200-nsmc   parsed
  klue-ner-v1_dev_02870-nsmc   no_answer_unparsed
  klue-ner-v1_dev_03779-wikitr no_answer_unparsed
  klue-ner-v1_dev_04138-wikitr parsed
  klue-ner-v1_dev_03234-nsmc   no_answer_unparsed
  klue-ner-v1_dev_03061-nsmc   parsed
  klue-ner-v1_dev_04020-nsmc   parsed
  klue-ner-v1_dev_00449-nsmc   parsed
  klue-ner-v1_dev_04239-wikitr parsed
  klue-ner-v1_dev_01401-nsmc   parsed
  klue-ner-v1_dev_03863-wikitr parsed
  klue-ner-v1_dev_00442-wikitr parsed
  klue-ner-v1_dev_01204-nsmc   parsed
  klue-ner-v1_dev_03063-wikitr parsed
  klue-ner-v1_dev_04956-nsmc   parsed
  klue-ner-v1_dev_03918-wikitr parsed
  klue-ner-v1_dev_04162-nsmc   parsed
  klue-ner-v1_dev_04141-wikitr no_answer_unparsed
  klue-ner-v1_dev_04295-nsmc   parsed
  klue-ner-v1_dev_00844-wikitr no_answer_unparsed
  klue-ner-v1_dev_02429-wikitr parsed
  klue-ner-v1_dev_00457-nsmc   parsed
  klue-ner-v1_dev_04455-nsmc   no_answer_unparsed
  klue-ner-v1_dev_04656-wikitr parsed
  klue-ner-v1_dev_03240-nsmc   parsed
  klue-ner-v1_dev_03600-wikitr parsed
  klue-ner-v1_dev_02873-nsmc   parsed
  klue-ner-v1_dev_03066-nsmc   parsed
  klue-ner-v1_dev_02872-wikitr parsed
  klue-ner-v1_dev_03241-nsmc   parsed
  klue-ner-v1_dev_03851-nsmc   parsed
  klue-ner-v1_dev_03783-nsmc   parsed
  klue-ner-v1_dev_04819-wikitr parsed
  klue-ner-v1_dev_01229-wikitr parsed
  klue-ner-v1_dev_00848-wikitr parsed
  klue-ner-v1_dev_01230-wikitr parsed
  klue-ner-v1_dev_01410-nsmc   parsed
  klue-ner-v1_dev_02435-nsmc   parsed
  klue-ner-v1_dev_03786-nsmc   parsed
  klue-ner-v1_dev_01404-nsmc   parsed
  klue-ner-v1_dev_03067-nsmc   parsed
  klue-ner-v1_dev_03679-nsmc   parsed
  klue-ner-v1_dev_00464-wikitr parsed
  klue-ner-v1_dev_02874-wikitr parsed
  klue-ner-v1_dev_02437-nsmc   parsed
  klue-ner-v1_dev_04916-wikitr parsed
  klue-ner-v1_dev_04751-nsmc   parsed
  klue-ner-v1_dev_03919-nsmc   parsed
  klue-ner-v1_dev_04355-nsmc   parsed
  klue-ner-v1_dev_03796-wikitr no_answer_unparsed
  klue-ner-v1_dev_01234-nsmc   parsed
  klue-ner-v1_dev_01413-nsmc   parsed
  klue-ner-v1_dev_03801-wikitr parsed
  klue-ner-v1_dev_00860-wikitr parsed
  klue-ner-v1_dev_02446-nsmc   parsed
  klue-ner-v1_dev_03068-nsmc   no_answer_unparsed
  klue-ner-v1_dev_00856-wikitr parsed
  klue-ner-v1_dev_04240-wikitr no_answer_unparsed
  klue-ner-v1_dev_02892-wikitr parsed
  klue-ner-v1_dev_00476-nsmc   no_answer_unparsed
  klue-ner-v1_dev_00866-wikitr parsed
  klue-ner-v1_dev_01235-wikitr parsed
  klue-ner-v1_dev_01414-wikitr no_answer_unparsed
  klue-ner-v1_dev_03243-wikitr no_answer_unparsed
  klue-ner-v1_dev_03079-nsmc   parsed
  klue-ner-v1_dev_02898-wikitr parsed
  klue-ner-v1_dev_02451-wikitr parsed
  klue-ner-v1_dev_04372-wikitr no_answer_unparsed
  klue-ner-v1_dev_04070-wikitr parsed
  klue-ner-v1_dev_04025-nsmc   parsed
  klue-ner-v1_dev_00473-nsmc   parsed
  klue-ner-v1_dev_04959-wikitr parsed
  klue-ner-v1_dev_00479-wikitr parsed
  klue-ner-v1_dev_03804-nsmc   parsed
  klue-ner-v1_dev_01416-wikitr parsed
  klue-ner-v1_dev_04168-wikitr no_answer_unparsed
  klue-ner-v1_dev_03255-nsmc   parsed
  klue-ner-v1_dev_03080-wikitr parsed
  klue-ner-v1_dev_03251-wikitr parsed
  klue-ner-v1_dev_02473-wikitr parsed
  klue-ner-v1_dev_02899-nsmc   parsed
  klue-ner-v1_dev_04460-wikitr no_answer_unparsed
  klue-ner-v1_dev_01237-nsmc   parsed
  klue-ner-v1_dev_04167-nsmc   parsed
  klue-ner-v1_dev_00871-nsmc   parsed
  klue-ner-v1_dev_04661-wikitr parsed
  klue-ner-v1_dev_00484-nsmc   parsed
  klue-ner-v1_dev_03811-nsmc   parsed
  klue-ner-v1_dev_03809-wikitr parsed
  klue-ner-v1_dev_03606-wikitr parsed
  klue-ner-v1_dev_02483-nsmc   parsed
  klue-ner-v1_dev_03083-nsmc   parsed
  klue-ner-v1_dev_04298-wikitr parsed
  klue-ner-v1_dev_03853-nsmc   parsed
  klue-ner-v1_dev_03814-wikitr parsed
  klue-ner-v1_dev_04821-wikitr parsed
  klue-ner-v1_dev_00873-nsmc   parsed
  klue-ner-v1_dev_03260-wikitr parsed
  klue-ner-v1_dev_04581-nsmc   no_answer_unparsed
  klue-ner-v1_dev_03261-wikitr parsed
  klue-ner-v1_dev_01239-wikitr no_answer_unparsed
  klue-ner-v1_dev_00877-nsmc   parsed
  klue-ner-v1_dev_02921-nsmc   parsed
  klue-ner-v1_dev_00485-wikitr parsed
  klue-ner-v1_dev_03817-wikitr parsed
  klue-ner-v1_dev_03092-wikitr parsed
  klue-ner-v1_dev_01421-wikitr no_answer_unparsed
  klue-ner-v1_dev_01418-wikitr parsed
  klue-ner-v1_dev_04360-wikitr no_answer_unparsed
  klue-ner-v1_dev_03680-wikitr parsed
  klue-ner-v1_dev_04754-nsmc   parsed
  klue-ner-v1_dev_01240-wikitr no_answer_unparsed
  klue-ner-v1_dev_00486-wikitr parsed
  klue-ner-v1_dev_02489-nsmc   parsed
  klue-ner-v1_dev_04918-nsmc   parsed
  klue-ner-v1_dev_01425-wikitr no_answer_unparsed
  klue-ner-v1_dev_02497-wikitr parsed
  klue-ner-v1_dev_03096-nsmc   parsed
  klue-ner-v1_dev_00878-wikitr parsed
  klue-ner-v1_dev_03818-nsmc   parsed
  klue-ner-v1_dev_03267-wikitr parsed
  klue-ner-v1_dev_02908-wikitr parsed
  klue-ner-v1_dev_03268-wikitr parsed
  klue-ner-v1_dev_04242-wikitr parsed
  klue-ner-v1_dev_00494-wikitr parsed
  klue-ner-v1_dev_01258-nsmc   parsed
  klue-ner-v1_dev_04374-wikitr parsed
  klue-ner-v1_dev_02931-nsmc   parsed
  klue-ner-v1_dev_01427-nsmc   parsed
  klue-ner-v1_dev_01241-wikitr no_answer_unparsed
  klue-ner-v1_dev_04192-wikitr parsed
  klue-ner-v1_dev_00879-nsmc   parsed
  klue-ner-v1_dev_02923-wikitr parsed
  klue-ner-v1_dev_04028-nsmc   parsed
  klue-ner-v1_dev_03820-nsmc   parsed
  klue-ner-v1_dev_00883-nsmc   parsed
  klue-ner-v1_dev_03270-nsmc   parsed
  klue-ner-v1_dev_04961-wikitr parsed
  klue-ner-v1_dev_02510-nsmc   parsed
  klue-ner-v1_dev_01262-nsmc   parsed
  klue-ner-v1_dev_02936-nsmc   parsed
  klue-ner-v1_dev_03924-wikitr no_answer_unparsed
  klue-ner-v1_dev_02499-nsmc   parsed
  klue-ner-v1_dev_04206-nsmc   parsed
  klue-ner-v1_dev_04204-wikitr parsed
  klue-ner-v1_dev_01428-nsmc   parsed
  klue-ner-v1_dev_04301-nsmc   parsed
  klue-ner-v1_dev_03097-wikitr parsed
  klue-ner-v1_dev_04665-nsmc   parsed
  klue-ner-v1_dev_00502-nsmc   parsed
  klue-ner-v1_dev_03284-wikitr parsed
  klue-ner-v1_dev_00888-wikitr parsed
  klue-ner-v1_dev_00498-wikitr parsed
  klue-ner-v1_dev_03121-wikitr parsed
  klue-ner-v1_dev_03608-wikitr parsed
  klue-ner-v1_dev_04462-wikitr parsed
  klue-ner-v1_dev_02939-nsmc   parsed
  klue-ner-v1_dev_03132-nsmc   parsed
  klue-ner-v1_dev_02511-nsmc   parsed
  klue-ner-v1_dev_03294-wikitr parsed
  klue-ner-v1_dev_03824-nsmc   parsed
  klue-ner-v1_dev_00894-wikitr no_answer_unparsed
  klue-ner-v1_dev_04827-wikitr parsed
  klue-ner-v1_dev_01266-wikitr parsed
  klue-ner-v1_dev_02941-nsmc   parsed
  klue-ner-v1_dev_02515-wikitr no_answer_unparsed
  klue-ner-v1_dev_03827-wikitr parsed
  klue-ner-v1_dev_01429-wikitr no_answer_unparsed
  klue-ner-v1_dev_04215-nsmc   parsed
  klue-ner-v1_dev_03831-wikitr parsed
  klue-ner-v1_dev_03295-wikitr parsed
  klue-ner-v1_dev_04755-nsmc   parsed
  klue-ner-v1_dev_03141-wikitr parsed
  klue-ner-v1_dev_04920-nsmc   parsed
  klue-ner-v1_dev_04362-nsmc   parsed
  klue-ner-v1_dev_01277-wikitr no_answer_unparsed
  klue-ner-v1_dev_03857-wikitr parsed
  klue-ner-v1_dev_00898-nsmc   parsed
  klue-ner-v1_dev_02518-wikitr parsed
  klue-ner-v1_dev_00506-wikitr no_answer_unparsed
  klue-ner-v1_dev_01442-wikitr no_answer_unparsed
  klue-ner-v1_dev_03681-wikitr parsed
  klue-ner-v1_dev_03836-wikitr parsed
  klue-ner-v1_dev_01281-nsmc   parsed
  klue-ner-v1_dev_03296-nsmc   parsed
  klue-ner-v1_dev_03144-wikitr parsed
  klue-ner-v1_dev_00512-nsmc   parsed
  klue-ner-v1_dev_04378-wikitr parsed
  klue-ner-v1_dev_00919-nsmc   parsed
  klue-ner-v1_dev_00510-wikitr parsed
  klue-ner-v1_dev_03939-nsmc   parsed
  klue-ner-v1_dev_01282-nsmc   parsed
  klue-ner-v1_dev_02527-wikitr parsed
  klue-ner-v1_dev_02943-nsmc   parsed
  klue-ner-v1_dev_03304-nsmc   parsed
  klue-ner-v1_dev_01449-nsmc   parsed
  klue-ner-v1_dev_02942-nsmc   parsed
  klue-ner-v1_dev_04966-wikitr parsed
  klue-ner-v1_dev_03840-nsmc   parsed
  klue-ner-v1_dev_04244-nsmc   parsed
  klue-ner-v1_dev_01458-nsmc   parsed
  klue-ner-v1_dev_04233-wikitr parsed
  klue-ner-v1_dev_04031-wikitr parsed
  klue-ner-v1_dev_00926-nsmc   parsed
  klue-ner-v1_dev_03146-wikitr parsed
  klue-ner-v1_dev_00515-nsmc   parsed
  klue-ner-v1_dev_02949-nsmc   parsed
  klue-ner-v1_dev_04175-nsmc   parsed
  klue-ner-v1_dev_03310-nsmc   parsed
  klue-ner-v1_dev_04469-nsmc   parsed
  klue-ner-v1_dev_04302-nsmc   parsed
  klue-ner-v1_dev_04829-nsmc   parsed
  klue-ner-v1_dev_04676-wikitr no_answer_unparsed
  klue-ner-v1_dev_00178-nsmc   parsed
  klue-ner-v1_dev_03610-nsmc   parsed
  klue-ner-v1_dev_03859-wikitr parsed
  klue-ner-v1_dev_01283-nsmc   parsed
  klue-ner-v1_dev_00536-wikitr parsed
  klue-ner-v1_dev_01455-nsmc   parsed
  klue-ner-v1_dev_01895-nsmc   parsed
  klue-ner-v1_dev_00931-nsmc   parsed
  klue-ner-v1_dev_01461-nsmc   parsed
  klue-ner-v1_dev_02534-nsmc   parsed
  klue-ner-v1_dev_03154-nsmc   parsed
  klue-ner-v1_dev_03512-nsmc   parsed
  klue-ner-v1_dev_04590-nsmc   parsed
  klue-ner-v1_dev_02533-wikitr no_answer_unparsed
  klue-ner-v1_dev_00182-nsmc   parsed
  klue-ner-v1_dev_04363-nsmc   parsed
  klue-ner-v1_dev_00549-nsmc   parsed
  klue-ner-v1_dev_02065-wikitr parsed
  klue-ner-v1_dev_03312-wikitr parsed
  klue-ner-v1_dev_01687-wikitr parsed
  klue-ner-v1_dev_01478-nsmc   parsed
  klue-ner-v1_dev_03843-wikitr no_answer_unparsed
  klue-ner-v1_dev_03687-nsmc   parsed
  klue-ner-v1_dev_03329-nsmc   parsed
  klue-ner-v1_dev_03514-nsmc   parsed
  klue-ner-v1_dev_02536-nsmc   parsed
  klue-ner-v1_dev_04921-nsmc   parsed
  klue-ner-v1_dev_00183-nsmc   parsed
  klue-ner-v1_dev_03952-wikitr parsed
  klue-ner-v1_dev_02066-nsmc   parsed
  klue-ner-v1_dev_01696-wikitr no_answer_unparsed
  klue-ner-v1_dev_01898-nsmc   parsed
  klue-ner-v1_dev_02071-nsmc   parsed
  klue-ner-v1_dev_01896-wikitr parsed
  klue-ner-v1_dev_03333-wikitr parsed
  klue-ner-v1_dev_04761-wikitr no_answer_unparsed
  klue-ner-v1_dev_01703-wikitr parsed
  klue-ner-v1_dev_00948-wikitr no_answer_unparsed
  klue-ner-v1_dev_02541-nsmc   parsed
  klue-ner-v1_dev_04385-wikitr parsed
  klue-ner-v1_dev_04245-wikitr parsed
  klue-ner-v1_dev_00561-nsmc   parsed
  klue-ner-v1_dev_01484-nsmc   no_answer_unparsed
  klue-ner-v1_dev_01900-nsmc   parsed
  klue-ner-v1_dev_00560-wikitr parsed
  klue-ner-v1_dev_02544-nsmc   parsed
  klue-ner-v1_dev_01709-wikitr parsed
  klue-ner-v1_dev_00947-nsmc   parsed
  klue-ner-v1_dev_00184-wikitr parsed
  klue-ner-v1_dev_04983-nsmc   no_answer_unparsed
  klue-ner-v1_dev_03520-wikitr parsed
  klue-ner-v1_dev_02077-wikitr parsed
  klue-ner-v1_dev_04032-nsmc   parsed
  klue-ner-v1_dev_03335-wikitr no_answer_unparsed
  klue-ner-v1_dev_00562-nsmc   parsed
  klue-ner-v1_dev_04186-nsmc   parsed
  klue-ner-v1_dev_00950-wikitr no_answer_unparsed
  klue-ner-v1_dev_03517-wikitr parsed
  klue-ner-v1_dev_02078-nsmc   parsed
  klue-ner-v1_dev_01488-nsmc   parsed
  klue-ner-v1_dev_00188-wikitr parsed
  klue-ner-v1_dev_03522-nsmc   parsed
  klue-ner-v1_dev_01487-wikitr parsed
  klue-ner-v1_dev_03337-wikitr no_answer_unparsed
  klue-ner-v1_dev_01913-nsmc   no_answer_unparsed
  klue-ner-v1_dev_01714-nsmc   parsed
  klue-ner-v1_dev_04306-wikitr no_answer_unparsed
  klue-ner-v1_dev_04831-nsmc   parsed
  klue-ner-v1_dev_00953-wikitr parsed
  klue-ner-v1_dev_00191-wikitr parsed
  klue-ner-v1_dev_02551-wikitr no_answer_unparsed
  klue-ner-v1_dev_04484-wikitr parsed
  klue-ner-v1_dev_00565-nsmc   parsed
  klue-ner-v1_dev_01914-wikitr parsed
  klue-ner-v1_dev_01717-nsmc   parsed
  klue-ner-v1_dev_03340-nsmc   parsed
  klue-ner-v1_dev_02082-nsmc   parsed
  klue-ner-v1_dev_02556-wikitr parsed
  klue-ner-v1_dev_04591-nsmc   parsed
  klue-ner-v1_dev_01489-wikitr parsed
  klue-ner-v1_dev_04692-nsmc   parsed
  klue-ner-v1_dev_04365-nsmc   parsed
  klue-ner-v1_dev_01494-wikitr parsed
  klue-ner-v1_dev_00955-nsmc   parsed
  klue-ner-v1_dev_03614-wikitr parsed
  klue-ner-v1_dev_01726-wikitr parsed
  klue-ner-v1_dev_02084-nsmc   parsed
  klue-ner-v1_dev_01919-wikitr parsed
  klue-ner-v1_dev_00958-nsmc   parsed
  klue-ner-v1_dev_03342-nsmc   parsed
  klue-ner-v1_dev_02558-wikitr parsed
  klue-ner-v1_dev_03528-nsmc   parsed
  klue-ner-v1_dev_04922-nsmc   parsed
  klue-ner-v1_dev_00568-nsmc   no_answer_unparsed
  klue-ner-v1_dev_00962-wikitr parsed
  klue-ner-v1_dev_01729-nsmc   parsed
  klue-ner-v1_dev_01924-nsmc   parsed
  klue-ner-v1_dev_03523-wikitr no_answer_unparsed
  klue-ner-v1_dev_01498-nsmc   parsed
  klue-ner-v1_dev_00195-wikitr parsed
  klue-ner-v1_dev_02091-wikitr parsed
  klue-ner-v1_dev_04106-nsmc   parsed
  klue-ner-v1_dev_02566-nsmc   parsed
  klue-ner-v1_dev_04770-wikitr no_answer_unparsed
  klue-ner-v1_dev_00566-wikitr parsed
  klue-ner-v1_dev_00204-nsmc   parsed
  klue-ner-v1_dev_04246-nsmc   parsed
  klue-ner-v1_dev_00963-nsmc   parsed
  klue-ner-v1_dev_00573-wikitr parsed
  klue-ner-v1_dev_03957-wikitr parsed
  klue-ner-v1_dev_01925-nsmc   parsed
  klue-ner-v1_dev_01507-nsmc   parsed
  klue-ner-v1_dev_02097-nsmc   parsed
  klue-ner-v1_dev_02567-nsmc   parsed
  klue-ner-v1_dev_03349-nsmc   parsed
  klue-ner-v1_dev_00193-wikitr parsed
  klue-ner-v1_dev_03539-nsmc   no_answer_unparsed
  klue-ner-v1_dev_04150-nsmc   parsed
  klue-ner-v1_dev_04035-wikitr parsed
  klue-ner-v1_dev_00205-nsmc   parsed
  klue-ner-v1_dev_00580-wikitr parsed
  klue-ner-v1_dev_01730-wikitr parsed
  klue-ner-v1_dev_01527-nsmc   parsed
  klue-ner-v1_dev_04992-wikitr parsed
  klue-ner-v1_dev_04394-wikitr parsed
  klue-ner-v1_dev_03351-nsmc   parsed
  klue-ner-v1_dev_03541-nsmc   parsed
  klue-ner-v1_dev_03615-nsmc   parsed
  klue-ner-v1_dev_03529-wikitr parsed
  klue-ner-v1_dev_02570-wikitr parsed
  klue-ner-v1_dev_04307-nsmc   parsed
  klue-ner-v1_dev_00973-nsmc   parsed
  klue-ner-v1_dev_03348-nsmc   no_answer_unparsed
  klue-ner-v1_dev_01733-wikitr parsed
  klue-ner-v1_dev_04834-nsmc   parsed
  klue-ner-v1_dev_00586-nsmc   parsed
  klue-ner-v1_dev_01532-nsmc   parsed
  klue-ner-v1_dev_00209-nsmc   parsed
  klue-ner-v1_dev_02571-nsmc   parsed
  klue-ner-v1_dev_03364-nsmc   parsed
  klue-ner-v1_dev_02105-nsmc   parsed
  klue-ner-v1_dev_02100-wikitr parsed
  klue-ner-v1_dev_01930-nsmc   parsed
  klue-ner-v1_dev_00211-nsmc   parsed
  klue-ner-v1_dev_04620-wikitr parsed
  klue-ner-v1_dev_00979-nsmc   parsed
  klue-ner-v1_dev_01926-wikitr no_answer_unparsed
  klue-ner-v1_dev_00593-nsmc   parsed
  klue-ner-v1_dev_01534-wikitr parsed
  klue-ner-v1_dev_04366-wikitr parsed
  klue-ner-v1_dev_03551-wikitr parsed
  klue-ner-v1_dev_01939-nsmc   parsed
  klue-ner-v1_dev_01736-nsmc   parsed
  klue-ner-v1_dev_00975-wikitr parsed
  klue-ner-v1_dev_03375-nsmc   parsed
  klue-ner-v1_dev_02573-nsmc   parsed
  klue-ner-v1_dev_03554-wikitr parsed
  klue-ner-v1_dev_04924-nsmc   parsed
  klue-ner-v1_dev_03969-wikitr parsed
  klue-ner-v1_dev_04774-wikitr no_answer_unparsed
  klue-ner-v1_dev_01540-nsmc   parsed
  klue-ner-v1_dev_00605-nsmc   parsed
  klue-ner-v1_dev_04694-wikitr no_answer_unparsed
  klue-ner-v1_dev_00995-nsmc   parsed
  klue-ner-v1_dev_00213-nsmc   no_answer_unparsed
  klue-ner-v1_dev_02578-wikitr parsed
  klue-ner-v1_dev_01743-wikitr no_answer_unparsed
  klue-ner-v1_dev_02116-nsmc   parsed
  klue-ner-v1_dev_04400-nsmc   no_answer_unparsed
  klue-ner-v1_dev_01946-wikitr no_answer_unparsed
  klue-ner-v1_dev_00032-nsmc   parsed
  klue-ner-v1_dev_04249-wikitr parsed
  klue-ner-v1_dev_00609-nsmc   parsed
  klue-ner-v1_dev_01001-nsmc   parsed
  klue-ner-v1_dev_02111-wikitr no_answer_unparsed
  klue-ner-v1_dev_01752-nsmc   parsed
  klue-ner-v1_dev_01748-wikitr no_answer_unparsed
  klue-ner-v1_dev_01541-wikitr parsed
  klue-ner-v1_dev_03376-wikitr no_answer_unparsed
  klue-ner-v1_dev_00215-nsmc   parsed
  klue-ner-v1_dev_03555-wikitr no_answer_unparsed
  klue-ner-v1_dev_04200-nsmc   parsed
  klue-ner-v1_dev_04107-wikitr no_answer_unparsed
  klue-ner-v1_dev_00023-wikitr parsed
  klue-ner-v1_dev_04996-wikitr no_answer_unparsed
  klue-ner-v1_dev_00610-nsmc   parsed
  klue-ner-v1_dev_01544-nsmc   parsed
  klue-ner-v1_dev_03380-nsmc   parsed
  klue-ner-v1_dev_02582-wikitr parsed
  klue-ner-v1_dev_02126-nsmc   no_answer_unparsed
  klue-ner-v1_dev_03391-nsmc   parsed
  klue-ner-v1_dev_02587-nsmc   parsed
  klue-ner-v1_dev_02125-nsmc   parsed
  klue-ner-v1_dev_03616-nsmc   no_answer_unparsed
  klue-ner-v1_dev_01009-wikitr parsed
  klue-ner-v1_dev_01949-wikitr parsed
  klue-ner-v1_dev_00216-wikitr no_answer_unparsed
  klue-ner-v1_dev_01947-wikitr parsed
  klue-ner-v1_dev_04837-nsmc   no_answer_unparsed
  klue-ner-v1_dev_04699-wikitr parsed
  klue-ner-v1_dev_00019-nsmc   parsed
  klue-ner-v1_dev_01755-nsmc   parsed
  klue-ner-v1_dev_01032-nsmc   parsed
  klue-ner-v1_dev_00285-nsmc   parsed
  klue-ner-v1_dev_04316-nsmc   parsed
  klue-ner-v1_dev_01754-nsmc   parsed
  klue-ner-v1_dev_02601-nsmc   parsed
  klue-ner-v1_dev_00620-wikitr parsed
  klue-ner-v1_dev_03867-nsmc   parsed
  klue-ner-v1_dev_04585-nsmc   parsed
  klue-ner-v1_dev_04625-nsmc   parsed
  klue-ner-v1_dev_04037-nsmc   parsed
  klue-ner-v1_dev_01953-nsmc   parsed
  klue-ner-v1_dev_01033-nsmc   no_answer_unparsed
  klue-ner-v1_dev_00621-nsmc   parsed
  klue-ner-v1_dev_01777-wikitr parsed
  klue-ner-v1_dev_02139-wikitr parsed
  klue-ner-v1_dev_01545-wikitr parsed
  klue-ner-v1_dev_02602-nsmc   parsed
  klue-ner-v1_dev_03402-nsmc   parsed
  klue-ner-v1_dev_04775-nsmc   parsed
  klue-ner-v1_dev_02144-nsmc   parsed
  klue-ner-v1_dev_03973-nsmc   parsed
  klue-ner-v1_dev_00040-nsmc   parsed
  klue-ner-v1_dev_04511-nsmc   parsed
  klue-ner-v1_dev_00220-wikitr parsed
  klue-ner-v1_dev_00006-wikitr parsed
  klue-ner-v1_dev_01958-wikitr parsed
  klue-ner-v1_dev_01560-wikitr parsed
  klue-ner-v1_dev_01548-wikitr parsed
  klue-ner-v1_dev_00623-wikitr parsed
  klue-ner-v1_dev_04927-wikitr parsed
  klue-ner-v1_dev_00223-nsmc   parsed
  klue-ner-v1_dev_02603-nsmc   parsed
  klue-ner-v1_dev_03405-wikitr parsed
  klue-ner-v1_dev_04250-nsmc   parsed
  klue-ner-v1_dev_02147-nsmc   parsed
  klue-ner-v1_dev_03398-wikitr parsed
  klue-ner-v1_dev_01039-nsmc   parsed
  klue-ner-v1_dev_00224-wikitr parsed
  klue-ner-v1_dev_01778-wikitr parsed
  klue-ner-v1_dev_01959-wikitr no_answer_unparsed
  klue-ner-v1_dev_01970-wikitr parsed
  klue-ner-v1_dev_04402-nsmc   parsed
  klue-ner-v1_dev_02605-wikitr parsed
  klue-ner-v1_dev_01563-nsmc   parsed
  klue-ner-v1_dev_00043-nsmc   no_answer_unparsed
  klue-ner-v1_dev_00046-nsmc   parsed
  klue-ner-v1_dev_00629-nsmc   parsed
  klue-ner-v1_dev_03407-wikitr parsed
  klue-ner-v1_dev_04559-wikitr parsed
  klue-ner-v1_dev_01785-wikitr parsed
  klue-ner-v1_dev_01565-wikitr no_answer_unparsed
  klue-ner-v1_dev_01984-nsmc   parsed
  klue-ner-v1_dev_02616-wikitr parsed
  klue-ner-v1_dev_00624-wikitr no_answer_unparsed
  klue-ner-v1_dev_01051-wikitr no_answer_unparsed
  klue-ner-v1_dev_02166-nsmc   parsed
  klue-ner-v1_dev_03632-wikitr parsed
  klue-ner-v1_dev_04515-wikitr parsed
  klue-ner-v1_dev_00228-wikitr parsed
  klue-ner-v1_dev_02152-wikitr parsed
  klue-ner-v1_dev_03409-wikitr parsed
  klue-ner-v1_dev_01786-nsmc   parsed
  klue-ner-v1_dev_04320-nsmc   parsed
  klue-ner-v1_dev_04846-wikitr parsed
  klue-ner-v1_dev_00232-wikitr parsed
  klue-ner-v1_dev_04703-wikitr parsed
  klue-ner-v1_dev_01570-wikitr parsed
  klue-ner-v1_dev_01053-wikitr parsed
  klue-ner-v1_dev_02173-nsmc   parsed
  klue-ner-v1_dev_00640-wikitr parsed
  klue-ner-v1_dev_02617-nsmc   parsed
  klue-ner-v1_dev_03870-nsmc   parsed
  klue-ner-v1_dev_00239-wikitr parsed
  klue-ner-v1_dev_01790-wikitr parsed
  klue-ner-v1_dev_01058-wikitr parsed
  klue-ner-v1_dev_00063-wikitr parsed
  klue-ner-v1_dev_01059-wikitr parsed
  klue-ner-v1_dev_01792-nsmc   parsed
  klue-ner-v1_dev_01572-nsmc   no_answer_unparsed
  klue-ner-v1_dev_02176-nsmc   parsed
  klue-ner-v1_dev_00048-wikitr parsed
  klue-ner-v1_dev_03414-nsmc   parsed
  klue-ner-v1_dev_02001-wikitr parsed
  klue-ner-v1_dev_01996-wikitr parsed
  klue-ner-v1_dev_04930-wikitr parsed
  klue-ner-v1_dev_02619-wikitr parsed
  klue-ner-v1_dev_00242-nsmc   no_answer_unparsed
  klue-ner-v1_dev_00064-wikitr parsed
  klue-ner-v1_dev_04792-wikitr parsed
  klue-ner-v1_dev_00643-nsmc   parsed
  klue-ner-v1_dev_01576-nsmc   parsed
  klue-ner-v1_dev_01061-wikitr parsed
  klue-ner-v1_dev_03976-wikitr no_answer_unparsed
  klue-ner-v1_dev_01793-wikitr parsed
  klue-ner-v1_dev_00641-nsmc   no_answer_unparsed
  klue-ner-v1_dev_02188-nsmc   parsed
  klue-ner-v1_dev_04345-wikitr parsed
  klue-ner-v1_dev_04635-nsmc   parsed
  klue-ner-v1_dev_04403-wikitr parsed
  klue-ner-v1_dev_00066-wikitr parsed
  klue-ner-v1_dev_00657-nsmc   no_answer_unparsed
  klue-ner-v1_dev_00257-wikitr no_answer_unparsed
  klue-ner-v1_dev_01800-nsmc   parsed
  klue-ner-v1_dev_03411-wikitr no_answer_unparsed
  klue-ner-v1_dev_02007-wikitr parsed
  klue-ner-v1_dev_01590-wikitr parsed
  klue-ner-v1_dev_01063-wikitr parsed
  klue-ner-v1_dev_03431-nsmc   parsed
  klue-ner-v1_dev_00085-nsmc   parsed
  klue-ner-v1_dev_00260-nsmc   no_answer_unparsed
  klue-ner-v1_dev_01065-wikitr parsed
  klue-ner-v1_dev_00658-nsmc   parsed
  klue-ner-v1_dev_04256-nsmc   parsed
  klue-ner-v1_dev_02628-nsmc   parsed
  klue-ner-v1_dev_02013-nsmc   parsed
  klue-ner-v1_dev_02638-wikitr parsed
  klue-ner-v1_dev_02010-wikitr parsed
  klue-ner-v1_dev_02199-wikitr parsed
  klue-ner-v1_dev_03448-nsmc   parsed
  klue-ner-v1_dev_03426-wikitr parsed
  klue-ner-v1_dev_01802-wikitr parsed
  klue-ner-v1_dev_01603-wikitr parsed
  klue-ner-v1_dev_04519-wikitr parsed
  klue-ner-v1_dev_03644-wikitr parsed
  klue-ner-v1_dev_00664-nsmc   parsed
  klue-ner-v1_dev_01066-wikitr parsed
  klue-ner-v1_dev_00086-wikitr parsed
  klue-ner-v1_dev_04861-wikitr parsed
  klue-ner-v1_dev_01607-nsmc   parsed
  klue-ner-v1_dev_02021-wikitr parsed
  klue-ner-v1_dev_01811-nsmc   parsed
  klue-ner-v1_dev_00268-nsmc   parsed
  klue-ner-v1_dev_04324-wikitr parsed
  klue-ner-v1_dev_02196-nsmc   parsed
  klue-ner-v1_dev_04705-wikitr parsed
  klue-ner-v1_dev_02624-wikitr no_answer_unparsed
  klue-ner-v1_dev_03872-wikitr parsed
  klue-ner-v1_dev_00668-wikitr parsed
  klue-ner-v1_dev_00269-nsmc   parsed
  klue-ner-v1_dev_01612-wikitr parsed
  klue-ner-v1_dev_00103-nsmc   parsed
  klue-ner-v1_dev_02026-nsmc   parsed
  klue-ner-v1_dev_02675-nsmc   parsed
  klue-ner-v1_dev_04795-nsmc   parsed
  klue-ner-v1_dev_04931-nsmc   parsed
  klue-ner-v1_dev_01818-wikitr parsed
  klue-ner-v1_dev_03988-nsmc   no_answer_unparsed
  klue-ner-v1_dev_01073-wikitr parsed
  klue-ner-v1_dev_00275-nsmc   parsed
  klue-ner-v1_dev_03460-wikitr parsed
  klue-ner-v1_dev_00108-wikitr parsed
  klue-ner-v1_dev_03459-wikitr parsed
  klue-ner-v1_dev_02200-nsmc   no_answer_unparsed
  klue-ner-v1_dev_01074-nsmc   parsed
  klue-ner-v1_dev_02213-wikitr parsed
  klue-ner-v1_dev_02033-nsmc   parsed
  klue-ner-v1_dev_01625-wikitr parsed
  klue-ner-v1_dev_02677-nsmc   parsed
  klue-ner-v1_dev_02642-wikitr parsed
  klue-ner-v1_dev_01822-wikitr parsed
  klue-ner-v1_dev_04639-nsmc   parsed
  klue-ner-v1_dev_00293-wikitr no_answer_unparsed
  klue-ner-v1_dev_00683-nsmc   parsed
  klue-ner-v1_dev_01085-nsmc   parsed
  klue-ner-v1_dev_04404-wikitr no_answer_unparsed
  klue-ner-v1_dev_01828-nsmc   parsed
  klue-ner-v1_dev_02037-nsmc   parsed
  klue-ner-v1_dev_03461-nsmc   parsed
  klue-ner-v1_dev_01634-nsmc   parsed
  klue-ner-v1_dev_02231-wikitr parsed
  klue-ner-v1_dev_00671-nsmc   parsed
  klue-ner-v1_dev_00115-nsmc   parsed
  klue-ner-v1_dev_00684-nsmc   parsed
  klue-ner-v1_dev_02698-nsmc   parsed
  klue-ner-v1_dev_00294-nsmc   no_answer_unparsed
  klue-ner-v1_dev_01086-wikitr no_answer_unparsed
  klue-ner-v1_dev_01833-nsmc   no_answer_unparsed
  klue-ner-v1_dev_04214-wikitr no_answer_unparsed
  klue-ner-v1_dev_01638-wikitr no_answer_unparsed
  klue-ner-v1_dev_02222-wikitr no_answer_unparsed
  klue-ner-v1_dev_03463-wikitr no_answer_unparsed
  klue-ner-v1_dev_02038-nsmc   parsed
  klue-ner-v1_dev_04262-wikitr parsed
  klue-ner-v1_dev_02701-nsmc   parsed
  klue-ner-v1_dev_00112-wikitr parsed
  klue-ner-v1_dev_04862-nsmc   no_answer_unparsed
  klue-ner-v1_dev_04706-nsmc   parsed
  klue-ner-v1_dev_00694-nsmc   no_answer_unparsed
  klue-ner-v1_dev_00297-nsmc   parsed
  klue-ner-v1_dev_04523-nsmc   parsed
  klue-ner-v1_dev_03465-wikitr parsed
  klue-ner-v1_dev_02040-nsmc   parsed
  klue-ner-v1_dev_00128-wikitr parsed
  klue-ner-v1_dev_01642-nsmc   parsed
  klue-ner-v1_dev_03648-nsmc   no_answer_unparsed
  klue-ner-v1_dev_02235-wikitr parsed
  klue-ner-v1_dev_03874-wikitr parsed
  klue-ner-v1_dev_01845-wikitr parsed
  klue-ner-v1_dev_00696-nsmc   parsed
  klue-ner-v1_dev_02233-wikitr parsed
  klue-ner-v1_dev_04326-nsmc   no_answer_unparsed
  klue-ner-v1_dev_01091-wikitr parsed
  klue-ner-v1_dev_01087-wikitr parsed
  klue-ner-v1_dev_01644-nsmc   parsed
  klue-ner-v1_dev_02707-nsmc   parsed
  klue-ner-v1_dev_00141-wikitr parsed
  klue-ner-v1_dev_03467-wikitr parsed
  klue-ner-v1_dev_04936-nsmc   parsed
  klue-ner-v1_dev_04798-wikitr parsed
  klue-ner-v1_dev_01851-wikitr parsed
  klue-ner-v1_dev_03865-nsmc   parsed
  klue-ner-v1_dev_02236-nsmc   parsed
  klue-ner-v1_dev_03992-nsmc   parsed
  klue-ner-v1_dev_00706-wikitr parsed
  klue-ner-v1_dev_01092-nsmc   no_answer_unparsed
  klue-ner-v1_dev_02706-wikitr parsed
  klue-ner-v1_dev_00303-wikitr parsed
  klue-ner-v1_dev_01647-wikitr parsed
  klue-ner-v1_dev_00152-nsmc   parsed
  klue-ner-v1_dev_03468-nsmc   parsed
  klue-ner-v1_dev_02718-nsmc   parsed
  klue-ner-v1_dev_02045-nsmc   parsed
  klue-ner-v1_dev_02044-wikitr no_answer_unparsed
  klue-ner-v1_dev_04267-wikitr parsed
  klue-ner-v1_dev_04129-wikitr parsed
  klue-ner-v1_dev_02245-nsmc   parsed
  klue-ner-v1_dev_04412-wikitr parsed
  klue-ner-v1_dev_01857-nsmc   parsed
  klue-ner-v1_dev_04641-wikitr parsed
  klue-ner-v1_dev_04808-wikitr no_answer_unparsed
  klue-ner-v1_dev_00708-nsmc   parsed
  klue-ner-v1_dev_00160-nsmc   parsed
  klue-ner-v1_dev_03559-nsmc   parsed
  klue-ner-v1_dev_00306-nsmc   parsed
  klue-ner-v1_dev_02246-nsmc   parsed
  klue-ner-v1_dev_02050-wikitr parsed
  klue-ner-v1_dev_00308-nsmc   parsed
  klue-ner-v1_dev_03475-wikitr parsed
  klue-ner-v1_dev_00310-nsmc   parsed
  klue-ner-v1_dev_00717-nsmc   parsed
  klue-ner-v1_dev_01861-nsmc   parsed
  klue-ner-v1_dev_03473-nsmc   parsed
  klue-ner-v1_dev_02719-wikitr parsed
  klue-ner-v1_dev_02052-nsmc   parsed
  klue-ner-v1_dev_01095-wikitr parsed
  klue-ner-v1_dev_02734-nsmc   parsed
  klue-ner-v1_dev_01863-wikitr parsed
  klue-ner-v1_dev_04534-nsmc   parsed
  klue-ner-v1_dev_03653-wikitr parsed
  klue-ner-v1_dev_03484-wikitr parsed
  klue-ner-v1_dev_01648-wikitr parsed
  klue-ner-v1_dev_04877-nsmc   parsed
  klue-ner-v1_dev_01096-nsmc   no_answer_unparsed
  klue-ner-v1_dev_00171-wikitr parsed
  klue-ner-v1_dev_02253-wikitr no_answer_unparsed
  klue-ner-v1_dev_01117-wikitr parsed
  klue-ner-v1_dev_01656-wikitr parsed
  klue-ner-v1_dev_01653-wikitr parsed
  klue-ner-v1_dev_02053-wikitr parsed
  klue-ner-v1_dev_00165-nsmc   parsed
  klue-ner-v1_dev_00721-wikitr no_answer_unparsed
  klue-ner-v1_dev_04707-wikitr parsed
  klue-ner-v1_dev_00312-wikitr parsed
  klue-ner-v1_dev_03875-nsmc   parsed
  klue-ner-v1_dev_00313-nsmc   parsed
  klue-ner-v1_dev_00173-nsmc   parsed
  klue-ner-v1_dev_00730-wikitr parsed
  klue-ner-v1_dev_03487-wikitr parsed
  klue-ner-v1_dev_01118-nsmc   no_answer_unparsed
  klue-ner-v1_dev_01876-nsmc   parsed
  klue-ner-v1_dev_02263-nsmc   parsed
  klue-ner-v1_dev_03488-wikitr parsed
  klue-ner-v1_dev_04800-nsmc   parsed
  klue-ner-v1_dev_02742-nsmc   parsed
  klue-ner-v1_dev_04943-nsmc   parsed
  klue-ner-v1_dev_00174-nsmc   parsed
  klue-ner-v1_dev_02056-wikitr no_answer_unparsed
  klue-ner-v1_dev_01665-wikitr parsed
  klue-ner-v1_dev_04000-wikitr no_answer_unparsed
  klue-ner-v1_dev_01681-nsmc   parsed
  klue-ner-v1_dev_04330-nsmc   parsed
  klue-ner-v1_dev_02262-wikitr parsed
  klue-ner-v1_dev_02059-nsmc   parsed
  klue-ner-v1_dev_02744-nsmc   parsed
  klue-ner-v1_dev_01126-wikitr parsed
  klue-ner-v1_dev_01875-wikitr parsed
  klue-ner-v1_dev_04418-wikitr no_answer_unparsed
  klue-ner-v1_dev_00738-wikitr parsed
  klue-ner-v1_dev_04270-nsmc   parsed
  klue-ner-v1_dev_02279-wikitr parsed
  klue-ner-v1_dev_03564-nsmc   no_answer_unparsed
  klue-ner-v1_dev_04642-nsmc   parsed
  klue-ner-v1_dev_00322-nsmc   parsed
  klue-ner-v1_dev_03500-wikitr parsed
  klue-ner-v1_dev_01128-nsmc   parsed
  klue-ner-v1_dev_02741-wikitr no_answer_unparsed
  klue-ner-v1_dev_04135-wikitr parsed
  klue-ner-v1_dev_01683-nsmc   parsed
  klue-ner-v1_dev_00176-nsmc   parsed
  klue-ner-v1_dev_01890-wikitr parsed
  klue-ner-v1_dev_02756-nsmc   parsed
  klue-ner-v1_dev_01887-wikitr parsed
  klue-ner-v1_dev_03506-wikitr parsed
  klue-ner-v1_dev_02282-wikitr parsed
  klue-ner-v1_dev_02062-nsmc   parsed
  klue-ner-v1_dev_00739-wikitr parsed
  klue-ner-v1_dev_04223-nsmc   parsed
  klue-ner-v1_dev_00328-wikitr no_answer_unparsed
  done in 6261s
