solar-mini4 / lbox_casename: 1000 to run (0 logged)
  5792                         correct
  1493                         correct
  695                          correct
  4196                         wrong
  3398                         correct
  9299                         wrong
  696                          correct
  1494                         correct
  1893                         wrong
  6590                         correct
  1892                         correct
  4995                         correct
  4994                         correct
  2690                         correct
  7299                         correct
  6591                         correct
  9194                         correct
  7990                         correct
  697                          correct
  1495                         correct
  2691                         correct
  4197                         wrong
  1894                         correct
  4198                         wrong
  4996                         correct
  5794                         correct
  6592                         correct
  7390                         correct
  8291                         correct
  9796                         correct
  8893                         wrong
  8592                         correct
  698                          correct
  1496                         correct
  1895                         correct
  5793                         wrong
  7298                         wrong
  3399                         correct
  5795                         correct
  4997                         correct
  7391                         correct
  9691                         correct
  8095                         correct
  9992                         correct
  699                          correct
  3490                         wrong
  9495                         correct
  1497                         correct
  3492                         correct
  4290                         wrong
  2692                         wrong
  5796                         correct
  4998                         correct
  7392                         correct
  4199                         wrong
  6594                         correct
  8698                         correct
  790                          correct
  1498                         correct
  8999                         correct
  1897                         correct
  3493                         wrong
  2695                         correct
  4291                         wrong
  5797                         correct
  2693                         wrong
  7393                         wrong
  6595                         correct
  9390                         correct
  8096                         correct
  1499                         correct
  3491                         wrong
  6593                         correct
  9490                         wrong
  3494                         wrong
  2696                         correct
  5090                         correct
  6596                         correct
  7394                         correct
  5798                         correct
  9195                         correct
  4292                         wrong
  9496                         correct
  792                          correct
  7991                         correct
  2694                         correct
  3495                         correct
  4293                         wrong
  4999                         wrong
  5091                         correct
  5799                         correct
  1898                         correct
  7395                         correct
  9797                         correct
  8292                         correct
  6597                         correct
  8593                         correct
  793                          correct
  791                          wrong
  2698                         correct
  4294                         wrong
  2697                         correct
  1591                         correct
  5092                         correct
  5890                         wrong
  6598                         correct
  7396                         correct
  9993                         correct
  1590                         wrong
  794                          correct
  8894                         wrong
  2699                         correct
  4295                         wrong
  5093                         correct
  5891                         wrong
  1899                         correct
  7397                         wrong
  1592                         correct
  8398                         correct
  6599                         correct
  795                          correct
  1593                         wrong
  8699                         wrong
  2790                         correct
  3496                         wrong
  4296                         wrong
  3498                         correct
  5094                         correct
  5892                         wrong
  7398                         wrong
  1990                         wrong
  9391                         correct
  9692                         correct
  1991                         wrong
  8097                         correct
  796                          correct
  2791                         correct
  3497                         correct
  4297                         wrong
  5095                         correct
  9090                         wrong
  5893                         correct
  1992                         wrong
  7399                         correct
  9196                         correct
  9895                         correct
  7992                         correct
  6691                         wrong
  9497                         correct
  1595                         correct
  2792                         correct
  3590                         correct
  6690                         correct
  4298                         wrong
  5096                         correct
  5894                         wrong
  1993                         wrong
  1594                         wrong
  9798                         correct
  8293                         correct
  3499                         wrong
  1896                         no_answer_truncated
  6692                         correct
  8995                         wrong
  2793                         no_answer_unparsed
  797                          wrong
  4299                         wrong
  5097                         correct
  5895                         wrong
  1596                         wrong
  6693                         correct
  1994                         wrong
  3591                         correct
  9994                         correct
  1597                         correct
  1996                         wrong
  1995                         wrong
  7490                         correct
  798                          wrong
  2794                         correct
  3592                         correct
  8594                         wrong
  5896                         wrong
  8399                         correct
  5098                         correct
  8790                         wrong
  890                          correct
  4390                         correct
  6694                         correct
  2795                         correct
  3593                         correct
  4391                         correct
  5099                         correct
  5897                         correct
  1997                         wrong
  7491                         correct
  9392                         correct
  8895                         wrong
  9693                         correct
  799                          wrong
  8098                         correct
  891                          correct
  2796                         correct
  3594                         correct
  1598                         correct
  4392                         correct
  5898                         wrong
  5190                         correct
  7492                         correct
  9197                         correct
  7993                         correct
  9498                         wrong
  892                          correct
  1690                         correct
  9091                         wrong
  2797                         correct
  3595                         correct
  4393                         correct
  5191                         correct
  5899                         wrong
  6695                         wrong
  7493                         no_answer_unparsed
  8294                         correct
  1599                         correct
  1998                         wrong
  9799                         correct
  893                          correct
  7494                         wrong
  6696                         wrong
  2798                         correct
  3596                         correct
  4394                         correct
  7495                         wrong
  5192                         correct
  5990                         correct
  8896                         wrong
  9995                         correct
  1999                         wrong
  894                          correct
  1692                         correct
  7496                         wrong
  2799                         correct
  4395                         correct
  5193                         correct
  5991                         correct
  1691                         correct
  6697                         correct
  8595                         wrong
  8490                         correct
  6699                         correct
  3597                         wrong
  1693                         correct
  895                          correct
  2092                         correct
  3598                         correct
  9092                         correct
  4396                         correct
  2890                         correct
  5194                         correct
  5992                         correct
  6790                         correct
  9393                         correct
  9694                         correct
  8099                         correct
  7498                         correct
  1694                         correct
  896                          correct
  3599                         correct
  2090                         correct
  2891                         correct
  5195                         correct
  4397                         correct
  6791                         correct
  5993                         correct
  9198                         correct
  897                          correct
  1695                         correct
  6698                         wrong
  7499                         wrong
  3690                         correct
  2091                         correct
  4398                         correct
  5196                         correct
  6792                         correct
  5994                         correct
  7497                         wrong
  2892                         correct
  7994                         correct
  9890                         correct
  898                          correct
  8791                         wrong
  8596                         correct
  1696                         correct
  3691                         correct
  7590                         correct
  4399                         correct
  5995                         correct
  5197                         correct
  7591                         correct
  6793                         correct
  2893                         correct
  1697                         correct
  2096                         correct
  2894                         correct
  899                          correct
  3692                         correct
  2095                         correct
  5198                         correct
  8295                         correct
  6794                         correct
  7592                         correct
  2093                         correct
  5996                         correct
  8491                         correct
  990                          correct
  4490                         wrong
  1698                         correct
  2094                         correct
  3693                         correct
  5199                         correct
  9093                         correct
  6795                         correct
  2895                         correct
  5997                         correct
  7593                         correct
  9394                         correct
  8190                         correct
  991                          correct
  1699                         correct
  9695                         correct
  3694                         correct
  9499                         correct
  5290                         wrong
  5998                         correct
  2896                         correct
  6796                         correct
  7594                         correct
  9399                         correct
  8897                         correct
  2097                         correct
  9199                         correct
  992                          correct
  1790                         correct
  9590                         correct
  2897                         correct
  3695                         correct
  5999                         correct
  6797                         correct
  7595                         correct
  7995                         correct
  8296                         correct
  9891                         correct
  8792                         wrong
  993                          correct
  1791                         correct
  2190                         correct
  2898                         correct
  3696                         correct
  4491                         wrong
  5292                         correct
  4492                         wrong
  6798                         correct
  7596                         correct
  6090                         correct
  994                          correct
  5291                         correct
  2099                         wrong
  2098                         wrong
  1792                         correct
  3697                         correct
  2899                         correct
  5293                         wrong
  2191                         correct
  6799                         correct
  8492                         correct
  4493                         wrong
  7597                         wrong
  995                          correct
  1793                         correct
  2192                         correct
  2990                         correct
  3698                         correct
  8597                         wrong
  9094                         correct
  6092                         wrong
  8793                         wrong
  4494                         wrong
  6890                         correct
  7598                         correct
  7890                         correct
  9395                         correct
  8191                         correct
  8397                         correct
  996                          correct
  2193                         correct
  1794                         correct
  2991                         correct
  3699                         correct
  9696                         correct
  5295                         correct
  6891                         correct
  7599                         correct
  8898                         wrong
  9290                         correct
  997                          correct
  9591                         wrong
  2194                         correct
  1795                         correct
  3790                         correct
  2992                         correct
  6091                         correct
  4495                         wrong
  6892                         correct
  4496                         wrong
  7996                         correct
  9892                         correct
  7690                         correct
  6094                         correct
  8297                         correct
  998                          correct
  8598                         correct
  1796                         correct
  2195                         correct
  3791                         correct
  2993                         correct
  5294                         correct
  6893                         correct
  4499                         correct
  8899                         wrong
  999                          correct
  4497                         wrong
  6095                         correct
  2196                         correct
  1797                         correct
  3792                         correct
  4590                         correct
  4498                         wrong
  6894                         correct
  5298                         correct
  5297                         correct
  8493                         correct
  6093                         correct
  7692                         correct
  9998                         correct
  1798                         correct
  2197                         correct
  1090                         correct
  5296                         wrong
  3793                         correct
  4591                         correct
  2995                         correct
  6895                         correct
  5299                         correct
  7891                         correct
  9396                         correct
  9697                         correct
  8192                         correct
  1091                         correct
  7691                         wrong
  2198                         correct
  2996                         correct
  3794                         correct
  1799                         correct
  5390                         correct
  4592                         correct
  6896                         correct
  2994                         correct
  6098                         correct
  1092                         correct
  6096                         wrong
  2199                         correct
  9291                         correct
  8794                         wrong
  3795                         correct
  6097                         correct
  2997                         correct
  5391                         correct
  4593                         correct
  6897                         correct
  9095                         wrong
  7997                         correct
  9893                         correct
  8599                         correct
  8996                         wrong
  8298                         correct
  1093                         correct
  2998                         correct
  1891                         correct
  3796                         correct
  5392                         correct
  4594                         correct
  6898                         correct
  2290                         correct
  7696                         correct
  1890                         correct
  9999                         correct
  8494                         correct
  7694                         correct
  1094                         correct
  2291                         correct
  2999                         correct
  3797                         correct
  6190                         correct
  6099                         wrong
  7695                         correct
  6899                         correct
  7697                         correct
  5393                         correct
  7693                         wrong
  9397                         correct
  8990                         correct
  8795                         wrong
  1095                         correct
  2292                         correct
  3798                         correct
  3090                         correct
  9592                         wrong
  5394                         correct
  4596                         correct
  296                          wrong
  7892                         correct
  8193                         correct
  9698                         correct
  4595                         correct
  1096                         correct
  2293                         correct
  3091                         correct
  3799                         correct
  4597                         correct
  297                          correct
  5395                         correct
  6191                         wrong
  6991                         correct
  6193                         wrong
  7699                         correct
  7998                         correct
  9292                         correct
  9096                         wrong
  1097                         correct
  7698                         correct
  2294                         correct
  3092                         correct
  6990                         wrong
  5396                         correct
  9593                         correct
  3890                         wrong
  8299                         correct
  6192                         wrong
  8690                         correct
  7790                         wrong
  6992                         wrong
  1098                         correct
  3093                         correct
  2295                         correct
  4598                         correct
  8991                         correct
  5397                         correct
  6195                         wrong
  298                          correct
  4599                         correct
  1099                         correct
  2296                         correct
  391                          wrong
  3094                         correct
  7791                         correct
  4690                         correct
  5398                         correct
  3892                         correct
  6994                         correct
  299                          correct
  6194                         wrong
  9398                         correct
  392                          wrong
  1190                         correct
  3891                         no_answer_unparsed
  2297                         correct
  390                          wrong
  3095                         correct
  3893                         correct
  5399                         correct
  6995                         wrong
  7793                         wrong
  7893                         correct
  8194                         correct
  6196                         wrong
  9699                         correct
  8495                         correct
  1191                         correct
  2298                         correct
  3096                         correct
  4691                         correct
  7792                         wrong
  4692                         correct
  5490                         correct
  6993                         wrong
  6198                         wrong
  8796                         wrong
  7999                         correct
  9097                         wrong
  1192                         correct
  2299                         correct
  3894                         wrong
  3097                         correct
  3895                         correct
  6197                         wrong
  9594                         correct
  6996                         wrong
  5491                         correct
  4693                         correct
  8691                         wrong
  8390                         correct
  394                          wrong
  1193                         correct
  8992                         correct
  3098                         correct
  2390                         correct
  3896                         correct
  5492                         correct
  6199                         wrong
  395                          wrong
  4694                         correct
  9293                         correct
  7796                         wrong
  393                          wrong
  1194                         correct
  3099                         correct
  2391                         correct
  4695                         correct
  7794                         wrong
  5493                         correct
  3897                         correct
  7797                         wrong
  6997                         wrong
  7795                         correct
  6291                         wrong
  1195                         correct
  2392                         correct
  6998                         wrong
  3190                         correct
  3898                         correct
  4696                         correct
  5494                         correct
  6292                         wrong
  396                          wrong
  7894                         correct
  9790                         correct
  6999                         correct
  8496                         correct
  8195                         correct
  1196                         correct
  7798                         wrong
  2393                         correct
  3191                         correct
  6290                         wrong
  7090                         correct
  5495                         correct
  4697                         correct
  3899                         wrong
  6293                         wrong
  9996                         correct
  8090                         correct
  93                           correct
  9595                         correct
  1197                         correct
  8797                         wrong
  2394                         correct
  3990                         correct
  9098                         wrong
  399                          wrong
  397                          wrong
  3192                         correct
  8391                         correct
  6294                         wrong
  7092                         correct
  9896                         correct
  92                           correct
  8993                         correct
  5496                         correct
  490                          correct
  8692                         correct
  1198                         correct
  4699                         correct
  3991                         correct
  2395                         correct
  7093                         correct
  7091                         correct
  91                           correct
  9294                         correct
  6295                         wrong
  593                          correct
  3193                         correct
  1199                         correct
  2396                         correct
  3992                         correct
  7799                         wrong
  6296                         wrong
  398                          wrong
  7094                         correct
  3194                         correct
  90                           correct
  1290                         correct
  491                          correct
  2397                         correct
  3195                         correct
  3993                         correct
  5499                         correct
  5498                         correct
  9099                         correct
  7895                         correct
  9791                         correct
  8196                         correct
  7095                         correct
  94                           correct
  492                          correct
  4790                         wrong
  1291                         correct
  6297                         wrong
  2398                         correct
  3994                         correct
  5590                         correct
  4698                         correct
  3196                         correct
  8497                         correct
  9596                         wrong
  95                           correct
  493                          correct
  6298                         wrong
  8091                         correct
  1292                         correct
  3197                         correct
  3995                         correct
  7096                         correct
  4793                         wrong
  2399                         correct
  5497                         correct
  8392                         correct
  9897                         correct
  8693                         correct
  8994                         wrong
  96                           correct
  1293                         correct
  494                          correct
  3198                         correct
  2490                         correct
  8798                         correct
  3996                         correct
  5592                         wrong
  4791                         wrong
  7098                         correct
  97                           correct
  9295                         correct
  495                          correct
  1294                         correct
  2491                         correct
  3997                         correct
  3199                         correct
  5593                         wrong
  6299                         wrong
  4792                         wrong
  8799                         wrong
  9190                         correct
  98                           correct
  496                          correct
  5591                         wrong
  1295                         correct
  7099                         correct
  2492                         correct
  3290                         correct
  3998                         correct
  4795                         correct
  5594                         wrong
  7190                         correct
  7896                         correct
  9792                         correct
  8197                         correct
  7097                         correct
  8498                         correct
  99                           correct
  497                          correct
  1296                         correct
  3999                         correct
  3291                         correct
  2493                         correct
  4794                         wrong
  7191                         correct
  9597                         correct
  8092                         correct
  190                          correct
  498                          correct
  1297                         correct
  2494                         correct
  5595                         correct
  3292                         correct
  4090                         wrong
  6391                         wrong
  6394                         wrong
  7192                         correct
  5596                         correct
  6390                         correct
  9898                         correct
  191                          correct
  8694                         wrong
  8393                         correct
  1298                         correct
  499                          correct
  3293                         correct
  4091                         wrong
  6392                         wrong
  6395                         wrong
  2495                         correct
  7193                         correct
  9296                         correct
  192                          correct
  1299                         correct
  2496                         correct
  5597                         correct
  3294                         correct
  4092                         wrong
  590                          correct
  4890                         correct
  7194                         correct
  4796                         wrong
  9191                         correct
  193                          correct
  591                          correct
  1390                         correct
  5598                         correct
  3295                         correct
  2497                         correct
  4797                         wrong
  6396                         correct
  4093                         wrong
  4891                         correct
  5599                         correct
  6393                         wrong
  8890                         correct
  7897                         correct
  9793                         correct
  7195                         correct
  8198                         correct
  194                          correct
  8499                         correct
  1391                         correct
  592                          correct
  3296                         correct
  4892                         correct
  4094                         wrong
  7196                         correct
  5690                         correct
  8093                         correct
  195                          correct
  594                          correct
  1392                         correct
  9598                         correct
  2499                         correct
  4095                         wrong
  3297                         correct
  4893                         correct
  5691                         correct
  2498                         no_answer_unparsed
  7197                         correct
  9899                         correct
  8695                         correct
  196                          correct
  8394                         correct
  595                          correct
  1393                         correct
  3298                         correct
  4096                         wrong
  4798                         wrong
  4894                         correct
  5692                         correct
  6490                         wrong
  7198                         correct
  9297                         correct
  197                          correct
  596                          correct
  1394                         correct
  3299                         correct
  4097                         wrong
  4895                         correct
  5693                         correct
  4799                         wrong
  7199                         correct
  6491                         correct
  8891                         wrong
  198                          correct
  9192                         correct
  597                          correct
  1395                         correct
  6399                         wrong
  2592                         correct
  4098                         wrong
  4896                         correct
  6397                         wrong
  5694                         correct
  7290                         correct
  7898                         correct
  9492                         wrong
  8199                         correct
  6398                         wrong
  199                          correct
  8590                         correct
  598                          correct
  1396                         correct
  9794                         correct
  2593                         correct
  4099                         wrong
  5695                         correct
  4897                         correct
  6492                         correct
  3390                         correct
  8094                         correct
  9493                         wrong
  9599                         correct
  599                          correct
  1397                         correct
  6493                         correct
  2594                         correct
  4898                         correct
  5696                         correct
  4190                         wrong
  7291                         wrong
  8395                         correct
  9990                         correct
  7292                         correct
  690                          correct
  290                          correct
  6494                         correct
  1398                         correct
  3392                         correct
  3393                         correct
  2591                         no_answer_unparsed
  8696                         correct
  4899                         correct
  4191                         wrong
  5697                         correct
  7293                         wrong
  9894                         correct
  9298                         correct
  691                          correct
  1399                         correct
  6495                         correct
  2590                         wrong
  8997                         correct
  4990                         correct
  5698                         correct
  4192                         wrong
  6496                         correct
  8892                         wrong
  9193                         correct
  2595                         wrong
  3391                         wrong
  692                          correct
  1490                         correct
  291                          correct
  4193                         wrong
  4991                         correct
  5699                         correct
  292                          correct
  2596                         wrong
  3394                         correct
  7899                         correct
  6497                         correct
  2597                         wrong
  9795                         correct
  693                          correct
  8290                         correct
  7294                         correct
  7295                         correct
  1491                         correct
  2598                         correct
  4992                         correct
  6498                         wrong
  7296                         correct
  9491                         correct
  293                          correct
  9997                         correct
  294                          correct
  694                          correct
  3395                         wrong
  9690                         wrong
  2599                         correct
  9494                         correct
  4195                         wrong
  5791                         correct
  4194                         wrong
  7297                         correct
  6499                         correct
  8396                         correct
  9991                         correct
  8591                         correct
  4993                         correct
  8697                         correct
  3396                         correct
  8998                         wrong
  3397                         correct
  5790                         wrong
  1492                         wrong
  295                          correct
  done in 4960s
