solar-mini4 / kobalt: 583 to run (117 logged)
  67c81c5d361c7932636b7bd9     correct
  67c81c5d361c7932636b7b5d     correct
  67c81c5d361c7932636b7999     correct
  67c81c5d361c7932636b7ad1     wrong
  67c81c5d361c7932636b7a8c     correct
  67c81c5d361c7932636b79e5     correct
  67c81c5d361c7932636b7998     wrong
  67c81c5d361c7932636b7ab0     wrong
  67c81c5d361c7932636b7ab2     wrong
  67c81c5d361c7932636b7960     wrong
  67c81c5d361c7932636b7b5e     correct
  67c81c5d361c7932636b7961     correct
  67c81c5d361c7932636b7963     correct
  67c81c5d361c7932636b79e6     wrong
  67c81c5d361c7932636b7a5f     wrong
  67c81c5d361c7932636b79e7     wrong
  67c81c5d361c7932636b7c2b     correct
  67c81c5d361c7932636b7bda     correct
  67c81c5d361c7932636b799a     correct
  67c81c5d361c7932636b7b5f     correct
  67c81c5d361c7932636b7ab3     wrong
  67c81c5d361c7932636b7c29     correct
  67c81c5d361c7932636b7c2c     correct
  67c81c5d361c7932636b7bdb     correct
  67c81c5d361c7932636b7b60     correct
  67c81c5d361c7932636b7a60     wrong
  67c81c5d361c7932636b7a62     correct
  67c81c5d361c7932636b799b     wrong
  67c81c5d361c7932636b7964     correct
  67c81c5d361c7932636b79e8     wrong
  67c81c5d361c7932636b7bdc     correct
  67c81c5d361c7932636b7c2d     correct
  67c81c5d361c7932636b7ab4     wrong
  67c81c5d361c7932636b7a63     wrong
  67c81c5d361c7932636b79e9     wrong
  67c81c5d361c7932636b7965     wrong
  67c81c5d361c7932636b7b61     correct
  67c81c5d361c7932636b799c     wrong
  67c81c5d361c7932636b7c2e     correct
  67c81c5d361c7932636b7a64     correct
  67c81c5d361c7932636b7b62     correct
  67c81c5d361c7932636b7967     wrong
  67c81c5d361c7932636b7bdd     correct
  67c81c5d361c7932636b7a65     correct
  67c81c5d361c7932636b7968     correct
  67c81c5d361c7932636b7ab7     correct
  67c81c5d361c7932636b7bde     wrong
  67c81c5d361c7932636b799d     wrong
  67c81c5d361c7932636b7a91     wrong
  67c81c5d361c7932636b7ab6     correct
  67c81c5d361c7932636b7c2f     correct
  67c81c5d361c7932636b7b63     correct
  67c81c5d361c7932636b799e     wrong
  67c81c5d361c7932636b7ab5     wrong
  67c81c5d361c7932636b799f     wrong
  67c81c5d361c7932636b7a93     wrong
  67c81c5d361c7932636b7ab8     wrong
  67c81c5d361c7932636b7b64     correct
  67c81c5d361c7932636b7c6a     wrong
  67c81c5d361c7932636b7a67     wrong
  67c81c5d361c7932636b7969     correct
  67c81c5d361c7932636b7a92     correct
  67c81c5d361c7932636b7a66     wrong
  67c81c5d361c7932636b7ab9     wrong
  67c81c5d361c7932636b7a94     wrong
  67c81c5d361c7932636b7a44     correct
  67c81c5d361c7932636b7b65     correct
  67c81c5d361c7932636b7bdf     correct
  67c81c5d361c7932636b796a     wrong
  67c81c5d361c7932636b7ad3     correct
  67c81c5d361c7932636b7ad4     correct
  67c81c5d361c7932636b79a0     correct
  67c81c5d361c7932636b7b66     correct
  67c81c5d361c7932636b7be0     correct
  67c81c5d361c7932636b79a1     correct
  67c81c5d361c7932636b796c     wrong
  67c81c5d361c7932636b79ea     correct
  67c81c5d361c7932636b7a68     correct
  67c81c5d361c7932636b7be1     correct
  67c81c5d361c7932636b7b68     correct
  67c81c5d361c7932636b7aba     wrong
  67c81c5d361c7932636b796b     wrong
  67c81c5d361c7932636b79a2     correct
  67c81c5d361c7932636b7a6b     correct
  67c81c5d361c7932636b79eb     wrong
  67c81c5d361c7932636b7ad5     wrong
  67c81c5d361c7932636b7abb     correct
  67c81c5d361c7932636b7ad7     correct
  67c81c5d361c7932636b79a3     wrong
  67c81c5d361c7932636b7be2     wrong
  67c81c5d361c7932636b796d     correct
  67c81c5d361c7932636b796e     correct
  67c81c5d361c7932636b79ec     wrong
  67c81c5d361c7932636b7a6c     correct
  67c81c5d361c7932636b7ad9     correct
  67c81c5d361c7932636b7b6a     correct
  67c81c5d361c7932636b79ef     wrong
  67c81c5d361c7932636b7a6a     wrong
  67c81c5d361c7932636b796f     correct
  67c81c5d361c7932636b7be4     correct
  67c81c5d361c7932636b7a6d     correct
  67c81c5d361c7932636b7a2d     correct
  67c81c5d361c7932636b7ada     correct
  67c81c5d361c7932636b7b69     correct
  67c81c5d361c7932636b79a4     wrong
  67c81c5d361c7932636b79a5     correct
  67cda8170b81d8ffa89e4fb5     wrong
  67c81c5d361c7932636b7a2e     correct
  67c81c5d361c7932636b79a6     correct
  67c81c5d361c7932636b7a2f     correct
  67c81c5d361c7932636b7be5     correct
  67c81c5d361c7932636b7adb     correct
  67c81c5d361c7932636b7b7f     correct
  67c81c5d361c7932636b7b6b     correct
  67c81c5d361c7932636b7b6c     correct
  67c81c5d361c7932636b79f0     correct
  67cdab490b81d8ffa89e4fb6     correct
  67c81c5d361c7932636b7bf4     wrong
  67c81c5d361c7932636b7971     correct
  67c81c5d361c7932636b7a31     wrong
  67c81c5d361c7932636b79a7     correct
  67c81c5d361c7932636b7b8d     correct
  67c81c5d361c7932636b79f1     wrong
  67c81c5d361c7932636b7b6d     correct
  67c81c5d361c7932636b7a33     wrong
  67c81c5d361c7932636b7adc     wrong
  67c81c5d361c7932636b7bf5     wrong
  67c81c5d361c7932636b7972     correct
  67cdb0fc0b81d8ffa89e4fb7     correct
  67c81c5d361c7932636b79f2     correct
  67c81c5d361c7932636b7add     correct
  67c81c5d361c7932636b79f3     correct
  67c81c5d361c7932636b7b6e     correct
  67c81c5d361c7932636b7a35     correct
  67c81c5d361c7932636b79a8     wrong
  67c81c5d361c7932636b7bf7     wrong
  67c81c5d361c7932636b7b8e     correct
  67ce909c0b81d8ffa89e4fbb     wrong
  67c81c5d361c7932636b7c30     correct
  67c81c5d361c7932636b7b6f     correct
  67c81c5d361c7932636b79f4     correct
  67c81c5d361c7932636b7b8f     correct
  67c81c5d361c7932636b7bf8     wrong
  67c81c5d361c7932636b797f     wrong
  67c81c5d361c7932636b79a9     wrong
  67c81c5d361c7932636b7973     wrong
  67c81c5d361c7932636b7b90     correct
  67c81c5d361c7932636b7c32     correct
  67cd85cc0b81d8ffa89e4fb3     wrong
  67c81c5d361c7932636b7a36     correct
  67c81c5d361c7932636b7974     wrong
  67c81c5d361c7932636b79aa     correct
  67c81c5d361c7932636b79f5     correct
  67cd81420b81d8ffa89e4fb1     wrong
  67c81c5d361c7932636b7bf9     correct
  67c81c5d361c7932636b7abe     correct
  67c81c5d361c7932636b7c33     correct
  67c81c5d361c7932636b7b71     correct
  67c81c5d361c7932636b7b70     correct
  67c81c5d361c7932636b7975     correct
  67c81c5d361c7932636b7a95     correct
  67c81c5d361c7932636b79ac     wrong
  67c81c5d361c7932636b7b91     wrong
  67c81c5d361c7932636b7a39     correct
  67c81c5d361c7932636b7b92     correct
  67c81c5d361c7932636b7c34     correct
  67c81c5d361c7932636b7a3a     correct
  67c81c5d361c7932636b7bfa     wrong
  67c99c7f485181dd4ded6b73     correct
  67c81c5d361c7932636b7bfb     wrong
  67c81c5d361c7932636b7977     correct
  67c81c5d361c7932636b79ae     correct
  67c81c5d361c7932636b794b     correct
  67c81c5d361c7932636b7b93     correct
  67c81c5d361c7932636b79ad     correct
  67c81c5d361c7932636b7a97     no_answer_unparsed
  67c81c5d361c7932636b7c35     wrong
  67c81c5d361c7932636b7a3b     correct
  67c81c5d361c7932636b7a98     correct
  67c81c5d361c7932636b7978     correct
  67c81c5d361c7932636b7b73     wrong
  67c81c5d361c7932636b7b72     correct
  67c81c5d361c7932636b7bfc     wrong
  67c81c5d361c7932636b7c36     correct
  67c81c5d361c7932636b7a99     correct
  67c81c5d361c7932636b7b94     correct
  67c81c5d361c7932636b7bfd     wrong
  67c81c5d361c7932636b794c     correct
  67c81c5d361c7932636b7979     correct
  67c81c5d361c7932636b79af     correct
  67c81c5d361c7932636b797a     correct
  67c81c5d361c7932636b7b74     correct
  67c81c5d361c7932636b7c37     correct
  67c81c5d361c7932636b794d     correct
  67c81c5d361c7932636b7b95     correct
  67c81c5d361c7932636b7a3c     wrong
  67c81c5d361c7932636b794e     correct
  67c81c5d361c7932636b7b75     correct
  67c81c5d361c7932636b7ac6     correct
  67c81c5d361c7932636b79b1     correct
  67c81c5d361c7932636b7c00     correct
  67c81c5d361c7932636b79f8     wrong
  67c81c5d361c7932636b7c38     correct
  67c81c5d361c7932636b79f7     wrong
  67c81c5d361c7932636b79b0     wrong
  67c81c5d361c7932636b7b96     correct
  67c81c5d361c7932636b794f     correct
  67c81c5d361c7932636b7bff     wrong
  67c81c5d361c7932636b797b     correct
  67c81c5d361c7932636b7b97     correct
  67c81c5d361c7932636b7c39     correct
  67c81c5d361c7932636b79b2     correct
  67c81c5d361c7932636b7c58     correct
  67c81c5d361c7932636b79f9     correct
  67c81c5d361c7932636b7b76     correct
  67c81c5d361c7932636b7950     correct
  67c81c5d361c7932636b7a7c     correct
  67c81c5d361c7932636b79b3     correct
  67c81c5d361c7932636b7b98     correct
  67c81c5d361c7932636b7ac7     correct
  67c81c5d361c7932636b7c3a     correct
  67c81c5d361c7932636b7c59     correct
  67c81c5d361c7932636b7951     correct
  67c81c5d361c7932636b7c01     wrong
  67c81c5d361c7932636b797d     wrong
  67c81c5d361c7932636b7a7d     wrong
  67c81c5d361c7932636b7b99     correct
  67c81c5d361c7932636b7ac8     correct
  67c81c5d361c7932636b7c02     wrong
  67c81c5d361c7932636b7c5a     correct
  67c81c5d361c7932636b7c03     correct
  67c81c5d361c7932636b79fa     wrong
  67c81c5d361c7932636b7a3d     wrong
  67c81c5d361c7932636b7a3e     correct
  67c81c5d361c7932636b7b9a     correct
  67c81c5d361c7932636b79bb     wrong
  67c81c5d361c7932636b79fb     correct
  67c81c5d361c7932636b7a3f     correct
  67c81c5d361c7932636b7adf     wrong
  67c81c5d361c7932636b7c04     wrong
  67c81c5d361c7932636b7c5b     correct
  67c81c5d361c7932636b79fc     correct
  67c81c5d361c7932636b797e     wrong
  67c81c5d361c7932636b7952     correct
  67c81c5d361c7932636b7953     correct
  67c81c5d361c7932636b79bc     wrong
  67c81c5d361c7932636b7ae0     correct
  67c81c5d361c7932636b7c05     wrong
  67c81c5d361c7932636b7c5e     correct
  67c81c5d361c7932636b79be     correct
  67c81c5d361c7932636b7980     wrong
  67c81c5d361c7932636b7b9b     wrong
  67c81c5d361c7932636b7b9c     correct
  67c81c5d361c7932636b7ae2     wrong
  67c81c5d361c7932636b7a41     wrong
  67c81c5d361c7932636b79fd     wrong
  67c81c5d361c7932636b7c5f     correct
  67c81c5d361c7932636b7956     wrong
  67c81c5d361c7932636b7c07     correct
  67c81c5d361c7932636b7957     wrong
  67c81c5d361c7932636b7982     wrong
  67c81c5d361c7932636b7981     wrong
  67c81c5d361c7932636b79bf     wrong
  67c81c5d361c7932636b79fe     wrong
  67c81c5d361c7932636b7ae3     wrong
  67c81c5d361c7932636b7a42     wrong
  67c81c5d361c7932636b7c0c     correct
  67c81c5d361c7932636b7b9d     correct
  67c81c5d361c7932636b7c60     correct
  67c81c5d361c7932636b7c0b     wrong
  67c81c5d361c7932636b7983     correct
  67c81c5d361c7932636b7958     correct
  67c81c5d361c7932636b7a00     correct
  67c81c5d361c7932636b7a43     correct
  67c81c5d361c7932636b7ae4     wrong
  67c81c5d361c7932636b7c61     correct
  67c81c5d361c7932636b79ff     wrong
  67c81c5d361c7932636b7b9e     wrong
  67c81c5d361c7932636b79c0     correct
  67c81c5d361c7932636b79c1     wrong
  67c81c5d361c7932636b7b9f     correct
  67c81c5d361c7932636b7ac9     wrong
  67c81c5d361c7932636b7c0e     wrong
  67c81c5d361c7932636b7ae5     wrong
  67c81c5d361c7932636b7984     wrong
  67c81c5d361c7932636b7c62     correct
  67c81c5d361c7932636b7959     wrong
  67c81c5d361c7932636b79c2     wrong
  67c81c5d361c7932636b7ba0     correct
  67c81c5d361c7932636b7a01     correct
  67c81c5d361c7932636b7aca     wrong
  67c81c5d361c7932636b7ae6     wrong
  67c81c5d361c7932636b7c0f     wrong
  67c81c5d361c7932636b795a     wrong
  67c81c5d361c7932636b7a02     correct
  67c81c5d361c7932636b7c64     correct
  67c81c5d361c7932636b7a79     correct
  67c81c5d361c7932636b7985     correct
  67c81c5d361c7932636b7c24     correct
  67c81c5d361c7932636b7ae8     correct
  67c81c5d361c7932636b7986     correct
  67c81c5d361c7932636b79c3     wrong
  67c81c5d361c7932636b7acb     wrong
  67c81c5d361c7932636b795c     correct
  67c81c5d361c7932636b7ae9     wrong
  67c81c5d361c7932636b795b     correct
  67c81c5d361c7932636b7a03     wrong
  67c81c5d361c7932636b79c4     wrong
  67c81c5d361c7932636b7c26     correct
  67c81c5d361c7932636b7c1d     wrong
  67c81c5d361c7932636b7acc     correct
  67c81c5d361c7932636b7a89     no_answer_unparsed
  67c81c5d361c7932636b7a7a     wrong
  67c81c5d361c7932636b7987     wrong
  67c81c5d361c7932636b7aea     correct
  67c81c5d361c7932636b7c27     correct
  67c81c5d361c7932636b7a04     wrong
  67c81c5d361c7932636b7acd     wrong
  67c81c5d361c7932636b795d     correct
  67c81c5d361c7932636b7ace     correct
  67c81c5d361c7932636b7988     wrong
  67c81c5d361c7932636b7a05     correct
  67c81c5d361c7932636b7c1e     wrong
  67c81c5d361c7932636b7aeb     correct
  67c81c5d361c7932636b7c10     wrong
  67c81c5d361c7932636b7989     correct
  67c81c5d361c7932636b7ba1     correct
  67c81c5d361c7932636b7a06     wrong
  67c81c5d361c7932636b7a8a     wrong
  67c81c5d361c7932636b795e     correct
  67c81c5d361c7932636b7c1f     wrong
  67c81c5d361c7932636b7a07     wrong
  67c81c5d361c7932636b7a8b     wrong
  67c81c5d361c7932636b7c13     wrong
  67c81c5d361c7932636b7b3c     correct
  67c81c5d361c7932636b7acf     correct
  67c81c5d361c7932636b7c20     wrong
  67c81c5d361c7932636b7c14     correct
  67c81c5d361c7932636b7aec     correct
  67c81c5d361c7932636b7a6e     correct
  67c81c5d361c7932636b7b08     correct
  67c81c5d361c7932636b7c21     correct
  67c81c5d361c7932636b7aed     wrong
  67c81c5d361c7932636b7b3e     correct
  67c81c5d361c7932636b7b07     correct
  67c81c5d361c7932636b7ba2     correct
  67c81c5d361c7932636b7a09     correct
  67c81c5d361c7932636b7a6f     wrong
  67c81c5d361c7932636b7c15     wrong
  67c81c5d361c7932636b7a08     wrong
  67c81c5d361c7932636b7c3b     wrong
  67c81c5d361c7932636b7a7b     correct
  67c81c5d361c7932636b7c16     correct
  67c81c5d361c7932636b7c23     wrong
  67c81c5d361c7932636b7b09     wrong
  67c81c5d361c7932636b7c3c     wrong
  67c81c5d361c7932636b7b40     correct
  67c81c5d361c7932636b7bb7     wrong
  67c81c5d361c7932636b7b3f     wrong
  67c81c5d361c7932636b7bae     wrong
  67c81c5d361c7932636b7a0a     correct
  67c81c5d361c7932636b7b0a     wrong
  67c81c5d361c7932636b7c3d     wrong
  67c81c5d361c7932636b7bb8     wrong
  67c81c5d361c7932636b7c3e     wrong
  67c81c5d361c7932636b7baf     wrong
  67c81c5d361c7932636b7a0b     wrong
  67c81c5d361c7932636b7b0b     wrong
  67c81c5d361c7932636b7b41     correct
  67c81c5d361c7932636b7bb0     wrong
  67c81c5d361c7932636b7bb9     correct
  67c81c5d361c7932636b7c18     correct
  67c81c5d361c7932636b7b0c     correct
  67c81c5d361c7932636b7a0d     wrong
  67c81c5d361c7932636b7b42     correct
  67c81c5d361c7932636b7a48     correct
  67c81c5d361c7932636b7b43     correct
  67c81c5d361c7932636b7b0d     correct
  67c81c5d361c7932636b7bbc     wrong
  67c81c5d361c7932636b7bb1     wrong
  67c81c5d361c7932636b7bba     wrong
  67c81c5d361c7932636b7a49     correct
  67c81c5d361c7932636b7c17     no_answer_truncated
  67c81c5d361c7932636b7a4a     correct
  67c81c5d361c7932636b7c19     correct
  67c81c5d361c7932636b7b0e     correct
  67c81c5d361c7932636b7a0f     wrong
  67c81c5d361c7932636b7b44     correct
  67c81c5d361c7932636b7bb2     wrong
  67c81c5d361c7932636b7c1a     correct
  67c81c5d361c7932636b7c1b     wrong
  67c81c5d361c7932636b7b45     correct
  67c81c5d361c7932636b7a11     wrong
  67c81c5d361c7932636b7c1c     wrong
  67c81c5d361c7932636b7bbd     correct
  67c81c5d361c7932636b79c5     wrong
  67c81c5d361c7932636b7b0f     wrong
  67c81c5d361c7932636b7a10     correct
  67c81c5d361c7932636b7c3f     correct
  67c81c5d361c7932636b7b10     correct
  67c81c5d361c7932636b7bbf     correct
  67c81c5d361c7932636b7a12     wrong
  67c81c5d361c7932636b79c6     wrong
  67c81c5d361c7932636b7c40     correct
  67c81c5d361c7932636b7bbe     correct
  67c81c5d361c7932636b7bc0     correct
  67ce6dd80b81d8ffa89e4fb8     wrong
  67c81c5d361c7932636b79c7     wrong
  67ce7a170b81d8ffa89e4fb9     correct
  67c81c5d361c7932636b7b46     correct
  67c81c5d361c7932636b7a13     correct
  67c81c5d361c7932636b7c41     correct
  67c81c5d361c7932636b7b11     wrong
  67c81c5d361c7932636b7b47     correct
  67c81c5d361c7932636b79c8     wrong
  67c81c5d361c7932636b7c42     correct
  67c81c5d361c7932636b7c44     correct
  67c81c5d361c7932636b7b12     correct
  67c81c5d361c7932636b7a14     wrong
  67c81c5d361c7932636b7b48     correct
  67c81c5d361c7932636b79c9     wrong
  67c81c5d361c7932636b7bc1     wrong
  67cd82320b81d8ffa89e4fb2     correct
  67c81c5d361c7932636b7b49     correct
  67c81c5d361c7932636b7bc2     wrong
  67c81c5d361c7932636b7a15     wrong
  67c81c5d361c7932636b7b4b     correct
  67c81c5d361c7932636b7bc3     wrong
  67c81c5d361c7932636b7b13     wrong
  67c81c5d361c7932636b79cb     wrong
  67c81c5d361c7932636b7a16     correct
  67c81c5d361c7932636b7b15     correct
  67c81c5d361c7932636b7a74     correct
  67c81c5d361c7932636b7b14     wrong
  67c81c5d361c7932636b7a4f     wrong
  67c81c5d361c7932636b7a51     correct
  67c81c5d361c7932636b7c45     wrong
  67c81c5d361c7932636b7a17     wrong
  67c81c5d361c7932636b79cc     correct
  67c81c5d361c7932636b7bc4     wrong
  67c81c5d361c7932636b7b16     wrong
  67c81c5d361c7932636b7a50     correct
  67c81c5d361c7932636b7c47     correct
  67c81c5d361c7932636b79cd     correct
  67c81c5d361c7932636b7a18     wrong
  67c81c5d361c7932636b79ce     wrong
  67c81c5d361c7932636b7a54     correct
  67c81c5d361c7932636b7b17     correct
  67c81c5d361c7932636b7a52     correct
  67c81c5d361c7932636b7c46     correct
  67c81c5d361c7932636b7bc5     wrong
  67c81c5d361c7932636b7a19     correct
  67c81c5d361c7932636b7c48     correct
  67c81c5d361c7932636b7a55     correct
  67c81c5d361c7932636b7b19     correct
  67c81c5d361c7932636b7c4a     correct
  67c81c5d361c7932636b79d1     wrong
  67c81c5d361c7932636b7b18     correct
  67c81c5d361c7932636b7bc6     correct
  67c81c5d361c7932636b7a9b     wrong
  67c81c5d361c7932636b7c4b     correct
  67c81c5d361c7932636b7a9a     wrong
  67c81c5d361c7932636b79d4     correct
  67c81c5d361c7932636b79d5     correct
  67c81c5d361c7932636b79d3     wrong
  67c81c5d361c7932636b7a9c     correct
  67c81c5d361c7932636b7c4d     correct
  67c81c5d361c7932636b7a56     wrong
  67c81c5d361c7932636b79d6     correct
  67c81c5d361c7932636b7bc8     wrong
  67c81c5d361c7932636b7b1a     correct
  67c81c5d361c7932636b7a9d     wrong
  67c81c5d361c7932636b7a57     wrong
  67c81c5d361c7932636b7bc9     wrong
  67c81c5d361c7932636b7b1b     correct
  67c81c5d361c7932636b7a9e     wrong
  67c81c5d361c7932636b7bca     wrong
  67c81c5d361c7932636b7bcb     correct
  67c81c5d361c7932636b7a58     correct
  67c81c5d361c7932636b7c4e     correct
  67c81c5d361c7932636b7a5c     wrong
  67c81c5d361c7932636b79d7     wrong
  67c81c5d361c7932636b7a9f     correct
  67c81c5d361c7932636b7b1d     correct
  67c81c5d361c7932636b79d8     wrong
  67c81c5d361c7932636b7a59     wrong
  67c81c5d361c7932636b7c4f     correct
  67c81c5d361c7932636b7bce     correct
  67c81c5d361c7932636b7b1c     correct
  67c81c5d361c7932636b7aa0     wrong
  67c81c5d361c7932636b7c51     correct
  67c81c5d361c7932636b7bcd     wrong
  67c81c5d361c7932636b7c50     wrong
  67c81c5d361c7932636b7aa3     wrong
  67c81c5d361c7932636b7b1e     wrong
  67c81c5d361c7932636b79d9     wrong
  67c81c5d361c7932636b7a8d     correct
  67c81c5d361c7932636b7aa2     wrong
  67c81c5d361c7932636b7a76     correct
  67c81c5d361c7932636b7a5b     correct
  67c81c5d361c7932636b7b20     correct
  67c81c5d361c7932636b7a75     correct
  67c81c5d361c7932636b7b4d     correct
  67c81c5d361c7932636b7a77     correct
  67c81c5d361c7932636b7af9     correct
  67c81c5d361c7932636b7aa4     wrong
  67c81c5d361c7932636b7a8f     correct
  67c81c5d361c7932636b7afb     correct
  67c81c5d361c7932636b7b21     correct
  67c81c5d361c7932636b7a8e     wrong
  67c81c5d361c7932636b7afa     wrong
  67c81c5d361c7932636b7a5e     wrong
  67c81c5d361c7932636b7b22     correct
  67c81c5d361c7932636b7aa5     correct
  67c81c5d361c7932636b7b23     correct
  67c81c5d361c7932636b7aa6     wrong
  67c81c5d361c7932636b7a90     wrong
  67c81c5d361c7932636b7b50     wrong
  67c81c5d361c7932636b7afc     correct
  67c81c5d361c7932636b7b24     correct
  67c81c5d361c7932636b7b51     wrong
  67c81c5d361c7932636b7bd1     correct
  67c81c5d361c7932636b7a5a     no_answer_truncated
  67c81c5d361c7932636b7b52     correct
  67c81c5d361c7932636b79dc     correct
  67c81c5d361c7932636b7aa8     wrong
  67c81c5d361c7932636b7bd0     correct
  67c81c5d361c7932636b7bd2     correct
  67c81c5d361c7932636b7bcf     wrong
  67c81c5d361c7932636b7afd     wrong
  67c81c5d361c7932636b79db     correct
  67c81c5d361c7932636b7b25     wrong
  67c81c5d361c7932636b7b26     correct
  67c81c5d361c7932636b7b53     correct
  67c81c5d361c7932636b7aff     correct
  67c81c5d361c7932636b79de     wrong
  67c81c5d361c7932636b7afe     correct
  67c81c5d361c7932636b7a28     wrong
  67c81c5d361c7932636b7b00     correct
  67c81c5d361c7932636b7bd4     correct
  67c81c5d361c7932636b79dd     wrong
  67c81c5d361c7932636b7b28     correct
  67c81c5d361c7932636b7a2a     wrong
  67c81c5d361c7932636b7b29     correct
  67c81c5d361c7932636b7aaa     correct
  67c81c5d361c7932636b7b54     wrong
  67c81c5d361c7932636b7bd5     correct
  67c81c5d361c7932636b7bd3     correct
  67c81c5d361c7932636b7b55     correct
  67c81c5d361c7932636b79e0     wrong
  67c81c5d361c7932636b7b57     correct
  67c81c5d361c7932636b79df     wrong
  67c81c5d361c7932636b7c67     correct
  67c81c5d361c7932636b7b56     correct
  67c81c5d361c7932636b7aac     wrong
  67c81c5d361c7932636b7a2c     correct
  67c81c5d361c7932636b7b2b     correct
  67c81c5d361c7932636b7b01     wrong
  67c81c5d361c7932636b79e2     correct
  67c81c5d361c7932636b7aad     wrong
  67c81c5d361c7932636b7b02     wrong
  67c81c5d361c7932636b7b2a     wrong
  67c81c5d361c7932636b7aab     wrong
  67c81c5d361c7932636b79e1     correct
  67c81c5d361c7932636b7c68     correct
  67c81c5d361c7932636b7aae     correct
  67c81c5d361c7932636b7b03     correct
  67c81c5d361c7932636b7b58     wrong
  67c81c5d361c7932636b7b3a     correct
  67c81c5d361c7932636b7b59     correct
  67c81c5d361c7932636b7b37     correct
  67c81c5d361c7932636b79e3     wrong
  67c81c5d361c7932636b7b04     correct
  67c81c5d361c7932636b7aaf     correct
  67c81c5d361c7932636b7bd6     correct
  67c81c5d361c7932636b7b05     wrong
  67c81c5d361c7932636b79e4     wrong
  67c81c5d361c7932636b7b06     correct
  67c81c5d361c7932636b7b3b     correct
  67c81c5d361c7932636b7b5b     correct
  67c81c5d361c7932636b7bd7     wrong
  67c81c5d361c7932636b7b5a     correct
  67c81c5d361c7932636b7bd8     correct
  done in 9162s
