solar-mini4 / kobalt: 50 to run (0 logged)
  67c81c5d361c7932636b7953     correct
  67c81c5d361c7932636b7ac0     correct
  67c81c5d361c7932636b7a57     correct
  67c81c5d361c7932636b7a26     wrong
  67c81c5d361c7932636b7b2b     correct
  67c81c5d361c7932636b79cc     wrong
  67c81c5d361c7932636b7a78     correct
  67c81c5d361c7932636b7b45     correct
  67cdab490b81d8ffa89e4fb6     correct
  67c81c5d361c7932636b7ab6     correct
  67c81c5d361c7932636b7c5b     correct
  67c81c5d361c7932636b7a03     correct
  67c81c5d361c7932636b79be     correct
  67c81c5d361c7932636b7ab9     wrong
  67c81c5d361c7932636b7a72     correct
  67c81c5d361c7932636b7a59     correct
  67c81c5d361c7932636b79e3     wrong
  67c81c5d361c7932636b7a04     wrong
  67c81c5d361c7932636b7956     wrong
  67c81c5d361c7932636b7a89     wrong
  67c81c5d361c7932636b7bf9     correct
  67c81c5d361c7932636b7960     correct
  67c81c5d361c7932636b7ac9     wrong
  67c81c5d361c7932636b7afe     correct
  67c81c5d361c7932636b7ada     correct
  67c81c5d361c7932636b7b51     wrong
  67c81c5d361c7932636b7a60     wrong
  67c81c5d361c7932636b7b5d     correct
  67c81c5d361c7932636b7bba     wrong
  67c81c5d361c7932636b7a31     wrong
  67c81c5d361c7932636b794b     correct
  67c81c5d361c7932636b7bfa     wrong
  67c81c5d361c7932636b7a9a     wrong
  67c81c5d361c7932636b796b     wrong
  67c81c5d361c7932636b7b13     wrong
  67c81c5d361c7932636b7c3a     correct
  67c81c5d361c7932636b7bc2     wrong
  67c81c5d361c7932636b7a93     correct
  67c81c5d361c7932636b7aa2     wrong
  67c81c5d361c7932636b7b76     correct
  67c81c5d361c7932636b7c01     wrong
  67c81c5d361c7932636b7a6e     correct
  67c81c5d361c7932636b7bd1     correct
  67c81c5d361c7932636b7b16     wrong
  67c81c5d361c7932636b7a35     wrong
  67c81c5d361c7932636b7ba4     correct
  67c81c5d361c7932636b79bc     wrong
  67c81c5d361c7932636b7c08     correct
  67c81c5d361c7932636b7a02     correct
  67c81c5d361c7932636b79ea     correct
  done in 994s
solar-mini4 / klue_ner: 50 to run (0 logged)
  klue-ner-v1_dev_04356-wikitr parsed
  klue-ner-v1_dev_03550-nsmc   parsed
  klue-ner-v1_dev_02924-wikitr parsed
  klue-ner-v1_dev_04668-nsmc   parsed
  klue-ner-v1_dev_02994-wikitr no_answer_unparsed
  klue-ner-v1_dev_03710-wikitr parsed
  klue-ner-v1_dev_00052-nsmc   parsed
  klue-ner-v1_dev_04098-wikitr parsed
  klue-ner-v1_dev_04491-nsmc   parsed
  klue-ner-v1_dev_00216-wikitr no_answer_unparsed
  klue-ner-v1_dev_01689-nsmc   no_answer_unparsed
  klue-ner-v1_dev_03175-nsmc   parsed
  klue-ner-v1_dev_04725-wikitr parsed
  klue-ner-v1_dev_01446-wikitr no_answer_unparsed
  klue-ner-v1_dev_04372-wikitr parsed
  klue-ner-v1_dev_00473-nsmc   parsed
  klue-ner-v1_dev_04265-nsmc   parsed
  klue-ner-v1_dev_04169-nsmc   parsed
  klue-ner-v1_dev_02710-wikitr no_answer_unparsed
  klue-ner-v1_dev_04565-nsmc   parsed
  klue-ner-v1_dev_03352-nsmc   parsed
  klue-ner-v1_dev_00753-wikitr parsed
  klue-ner-v1_dev_01884-nsmc   parsed
  klue-ner-v1_dev_01867-wikitr parsed
  klue-ner-v1_dev_02824-nsmc   parsed
  klue-ner-v1_dev_04460-wikitr parsed
  klue-ner-v1_dev_04277-nsmc   parsed
  klue-ner-v1_dev_03358-wikitr parsed
  klue-ner-v1_dev_04486-wikitr parsed
  klue-ner-v1_dev_03808-nsmc   parsed
  klue-ner-v1_dev_03900-wikitr parsed
  klue-ner-v1_dev_00119-nsmc   no_answer_unparsed
  klue-ner-v1_dev_02843-wikitr parsed
  klue-ner-v1_dev_01485-wikitr parsed
  klue-ner-v1_dev_01047-nsmc   parsed
  klue-ner-v1_dev_00006-wikitr parsed
  klue-ner-v1_dev_02900-nsmc   parsed
  klue-ner-v1_dev_04317-nsmc   parsed
  klue-ner-v1_dev_04567-nsmc   parsed
  klue-ner-v1_dev_01387-nsmc   parsed
  klue-ner-v1_dev_01930-nsmc   parsed
  klue-ner-v1_dev_03372-wikitr parsed
  klue-ner-v1_dev_03930-wikitr parsed
  klue-ner-v1_dev_01644-nsmc   parsed
  klue-ner-v1_dev_04613-wikitr parsed
  klue-ner-v1_dev_04850-wikitr no_answer_unparsed
  klue-ner-v1_dev_04817-nsmc   parsed
  klue-ner-v1_dev_02204-nsmc   parsed
  klue-ner-v1_dev_04965-wikitr parsed
  klue-ner-v1_dev_01632-wikitr no_answer_unparsed
  done in 508s
solar-mini4 / lbox_casename: 50 to run (0 logged)
  194                          correct
  3595                         correct
  8799                         wrong
  3596                         correct
  791                          correct
  4990                         correct
  3999                         correct
  6798                         correct
  2999                         correct
  7890                         correct
  1694                         correct
  8294                         correct
  792                          correct
  7798                         wrong
  5193                         correct
  4396                         correct
  197                          correct
  5495                         correct
  8293                         correct
  895                          correct
  2692                         correct
  8295                         correct
  9693                         correct
  2796                         correct
  3093                         correct
  1792                         correct
  5699                         correct
  6699                         correct
  6995                         wrong
  1192                         correct
  8494                         correct
  8997                         wrong
  1793                         correct
  9796                         correct
  3291                         correct
  2890                         correct
  7394                         correct
  4698                         wrong
  1196                         correct
  8699                         wrong
  2596                         wrong
  9894                         correct
  2899                         correct
  294                          correct
  4790                         wrong
  7295                         correct
  393                          wrong
  6494                         correct
  3392                         correct
  1990                         correct
  done in 300s
